Archive member included because of file (symbol)

/usr/lib/gcc/avr/4.5.3/../../../avr/lib/avr6/libm.a(acos.o)
                              /home/vagrant/ardupilot/arduplane.build/libraries/AP_InertialSensor/AP_InertialSensor.o (acos)
/usr/lib/gcc/avr/4.5.3/../../../avr/lib/avr6/libm.a(addsf3.o)
                              /home/vagrant/ardupilot/arduplane.build/ArduPlane.o (__subsf3)
/usr/lib/gcc/avr/4.5.3/../../../avr/lib/avr6/libm.a(addsf3x.o)
                              /usr/lib/gcc/avr/4.5.3/../../../avr/lib/avr6/libm.a(acos.o) (__addsf3x)
/usr/lib/gcc/avr/4.5.3/../../../avr/lib/avr6/libm.a(asin.o)
                              /home/vagrant/ardupilot/arduplane.build/libraries/AP_Math/AP_Math.o (asin)
/usr/lib/gcc/avr/4.5.3/../../../avr/lib/avr6/libm.a(atan2.o)
                              /home/vagrant/ardupilot/arduplane.build/ArduPlane.o (atan2)
/usr/lib/gcc/avr/4.5.3/../../../avr/lib/avr6/libm.a(atan.o)
                              /usr/lib/gcc/avr/4.5.3/../../../avr/lib/avr6/libm.a(atan2.o) (atan)
/usr/lib/gcc/avr/4.5.3/../../../avr/lib/avr6/libm.a(cmpsf2.o)
                              /home/vagrant/ardupilot/arduplane.build/ArduPlane.o (__eqsf2)
/usr/lib/gcc/avr/4.5.3/../../../avr/lib/avr6/libm.a(cos.o)
                              /home/vagrant/ardupilot/arduplane.build/ArduPlane.o (cos)
/usr/lib/gcc/avr/4.5.3/../../../avr/lib/avr6/libm.a(divsf3.o)
                              /home/vagrant/ardupilot/arduplane.build/ArduPlane.o (__divsf3)
/usr/lib/gcc/avr/4.5.3/../../../avr/lib/avr6/libm.a(divsf3x.o)
                              /usr/lib/gcc/avr/4.5.3/../../../avr/lib/avr6/libm.a(divsf3.o) (__divsf3x)
/usr/lib/gcc/avr/4.5.3/../../../avr/lib/avr6/libm.a(exp.o)
                              /home/vagrant/ardupilot/arduplane.build/ArduPlane.o (exp)
/usr/lib/gcc/avr/4.5.3/../../../avr/lib/avr6/libm.a(fixsfsi.o)
                              /home/vagrant/ardupilot/arduplane.build/ArduPlane.o (__fixsfsi)
/usr/lib/gcc/avr/4.5.3/../../../avr/lib/avr6/libm.a(fixunssfsi.o)
                              /home/vagrant/ardupilot/arduplane.build/ArduPlane.o (__fixunssfsi)
/usr/lib/gcc/avr/4.5.3/../../../avr/lib/avr6/libm.a(floatsisf.o)
                              /home/vagrant/ardupilot/arduplane.build/ArduPlane.o (__floatunsisf)
/usr/lib/gcc/avr/4.5.3/../../../avr/lib/avr6/libm.a(floor.o)
                              /home/vagrant/ardupilot/arduplane.build/libraries/AP_Declination/AP_Declination.o (floor)
/usr/lib/gcc/avr/4.5.3/../../../avr/lib/avr6/libm.a(fp_arccos.o)
                              /usr/lib/gcc/avr/4.5.3/../../../avr/lib/avr6/libm.a(acos.o) (__fp_arccos)
/usr/lib/gcc/avr/4.5.3/../../../avr/lib/avr6/libm.a(fp_cmp.o)
                              /usr/lib/gcc/avr/4.5.3/../../../avr/lib/avr6/libm.a(cmpsf2.o) (__fp_cmp)
/usr/lib/gcc/avr/4.5.3/../../../avr/lib/avr6/libm.a(fp_inf.o)
                              /usr/lib/gcc/avr/4.5.3/../../../avr/lib/avr6/libm.a(addsf3x.o) (__fp_inf)
/usr/lib/gcc/avr/4.5.3/../../../avr/lib/avr6/libm.a(fp_mintl.o)
                              /usr/lib/gcc/avr/4.5.3/../../../avr/lib/avr6/libm.a(floor.o) (__fp_mintl)
/usr/lib/gcc/avr/4.5.3/../../../avr/lib/avr6/libm.a(fp_mpack.o)
                              /usr/lib/gcc/avr/4.5.3/../../../avr/lib/avr6/libm.a(floor.o) (__fp_mpack)
/usr/lib/gcc/avr/4.5.3/../../../avr/lib/avr6/libm.a(fp_nan.o)
                              /usr/lib/gcc/avr/4.5.3/../../../avr/lib/avr6/libm.a(addsf3x.o) (__fp_nan)
/usr/lib/gcc/avr/4.5.3/../../../avr/lib/avr6/libm.a(fp_powser.o)
                              /usr/lib/gcc/avr/4.5.3/../../../avr/lib/avr6/libm.a(atan.o) (__fp_powser)
/usr/lib/gcc/avr/4.5.3/../../../avr/lib/avr6/libm.a(fp_powsodd.o)
                              /usr/lib/gcc/avr/4.5.3/../../../avr/lib/avr6/libm.a(asin.o) (__fp_powsodd)
/usr/lib/gcc/avr/4.5.3/../../../avr/lib/avr6/libm.a(fp_pscA.o)
                              /usr/lib/gcc/avr/4.5.3/../../../avr/lib/avr6/libm.a(addsf3x.o) (__fp_pscA)
/usr/lib/gcc/avr/4.5.3/../../../avr/lib/avr6/libm.a(fp_pscB.o)
                              /usr/lib/gcc/avr/4.5.3/../../../avr/lib/avr6/libm.a(addsf3x.o) (__fp_pscB)
/usr/lib/gcc/avr/4.5.3/../../../avr/lib/avr6/libm.a(fp_rempio2.o)
                              /usr/lib/gcc/avr/4.5.3/../../../avr/lib/avr6/libm.a(cos.o) (__fp_rempio2)
/usr/lib/gcc/avr/4.5.3/../../../avr/lib/avr6/libm.a(fp_round.o)
                              /usr/lib/gcc/avr/4.5.3/../../../avr/lib/avr6/libm.a(acos.o) (__fp_round)
/usr/lib/gcc/avr/4.5.3/../../../avr/lib/avr6/libm.a(fp_sinus.o)
                              /usr/lib/gcc/avr/4.5.3/../../../avr/lib/avr6/libm.a(cos.o) (__fp_sinus)
/usr/lib/gcc/avr/4.5.3/../../../avr/lib/avr6/libm.a(fp_split3.o)
                              /usr/lib/gcc/avr/4.5.3/../../../avr/lib/avr6/libm.a(addsf3x.o) (__fp_split3)
/usr/lib/gcc/avr/4.5.3/../../../avr/lib/avr6/libm.a(fp_trunc.o)
                              /usr/lib/gcc/avr/4.5.3/../../../avr/lib/avr6/libm.a(floor.o) (__fp_trunc)
[...]
Memory Configuration

Name             Origin             Length             Attributes
text             0x00000000         0x00100000         xr
data             0x00800200         0x0000fe00         rw !x
eeprom           0x00810000         0x00010000         rw !x
fuse             0x00820000         0x00000400         rw !x
lock             0x00830000         0x00000400         rw !x
signature        0x00840000         0x00000400         rw !x
*default*        0x00000000         0xffffffff

Linker script and memory map

Address of section .data set to 0x800200
LOAD /usr/lib/gcc/avr/4.5.3/../../../avr/lib/avr6/crtm2560.o
LOAD /home/vagrant/ardupilot/arduplane.build/ArduPlane.o
LOAD /home/vagrant/ardupilot/arduplane.build/libraries/APM_Control/AP_PitchController.o
LOAD /home/vagrant/ardupilot/arduplane.build/libraries/APM_Control/AP_RollController.o
LOAD /home/vagrant/ardupilot/arduplane.build/libraries/APM_Control/AP_YawController.o
LOAD /home/vagrant/ardupilot/arduplane.build/libraries/APM_OBC/APM_OBC.o
LOAD /home/vagrant/ardupilot/arduplane.build/libraries/AP_ADC/AP_ADC_ADS7844.o
LOAD /home/vagrant/ardupilot/arduplane.build/libraries/AP_ADC/AP_ADC.o
LOAD /home/vagrant/ardupilot/arduplane.build/libraries/AP_ADC/AP_ADC_HIL.o
LOAD /home/vagrant/ardupilot/arduplane.build/libraries/AP_ADC_AnalogSource/AP_ADC_AnalogSource.o
LOAD /home/vagrant/ardupilot/arduplane.build/libraries/AP_AHRS/AP_AHRS.o
LOAD /home/vagrant/ardupilot/arduplane.build/libraries/AP_AHRS/AP_AHRS_DCM.o
LOAD /home/vagrant/ardupilot/arduplane.build/libraries/AP_AHRS/AP_AHRS_HIL.o
LOAD /home/vagrant/ardupilot/arduplane.build/libraries/AP_AHRS/AP_AHRS_MPU6000.o
LOAD /home/vagrant/ardupilot/arduplane.build/libraries/AP_Airspeed/AP_Airspeed.o
LOAD /home/vagrant/ardupilot/arduplane.build/libraries/AP_Baro/AP_Baro_BMP085.o
LOAD /home/vagrant/ardupilot/arduplane.build/libraries/AP_Baro/AP_Baro_BMP085_hil.o
LOAD /home/vagrant/ardupilot/arduplane.build/libraries/AP_Baro/AP_Baro.o
LOAD /home/vagrant/ardupilot/arduplane.build/libraries/AP_Baro/AP_Baro_MS5611.o
LOAD /home/vagrant/ardupilot/arduplane.build/libraries/AP_Baro/AP_Baro_PX4.o
LOAD /home/vagrant/ardupilot/arduplane.build/libraries/AP_Camera/AP_Camera.o
LOAD /home/vagrant/ardupilot/arduplane.build/libraries/AP_Common/c++.o
LOAD /home/vagrant/ardupilot/arduplane.build/libraries/AP_Compass/AP_Compass_HIL.o
LOAD /home/vagrant/ardupilot/arduplane.build/libraries/AP_Compass/AP_Compass_HMC5843.o
LOAD /home/vagrant/ardupilot/arduplane.build/libraries/AP_Compass/AP_Compass_PX4.o
LOAD /home/vagrant/ardupilot/arduplane.build/libraries/AP_Compass/Compass.o
LOAD /home/vagrant/ardupilot/arduplane.build/libraries/AP_Declination/AP_Declination.o
LOAD /home/vagrant/ardupilot/arduplane.build/libraries/AP_GPS/AP_GPS_406.o
LOAD /home/vagrant/ardupilot/arduplane.build/libraries/AP_GPS/AP_GPS_Auto.o
LOAD /home/vagrant/ardupilot/arduplane.build/libraries/AP_GPS/AP_GPS_HIL.o
LOAD /home/vagrant/ardupilot/arduplane.build/libraries/AP_GPS/AP_GPS_MTK19.o
LOAD /home/vagrant/ardupilot/arduplane.build/libraries/AP_GPS/AP_GPS_MTK.o
LOAD /home/vagrant/ardupilot/arduplane.build/libraries/AP_GPS/AP_GPS_NMEA.o
LOAD /home/vagrant/ardupilot/arduplane.build/libraries/AP_GPS/AP_GPS_SIRF.o
LOAD /home/vagrant/ardupilot/arduplane.build/libraries/AP_GPS/AP_GPS_UBLOX.o
LOAD /home/vagrant/ardupilot/arduplane.build/libraries/AP_GPS/GPS.o
LOAD /home/vagrant/ardupilot/arduplane.build/libraries/AP_HAL_AVR/AnalogIn_ADC.o
LOAD /home/vagrant/ardupilot/arduplane.build/libraries/AP_HAL_AVR/AnalogIn_Common.o
LOAD /home/vagrant/ardupilot/arduplane.build/libraries/AP_HAL_AVR/Console.o
LOAD /home/vagrant/ardupilot/arduplane.build/libraries/AP_HAL_AVR/GPIO.o
LOAD /home/vagrant/ardupilot/arduplane.build/libraries/AP_HAL_AVR/HAL_AVR_APM1_Class.o
LOAD /home/vagrant/ardupilot/arduplane.build/libraries/AP_HAL_AVR/HAL_AVR_APM2_Class.o
LOAD /home/vagrant/ardupilot/arduplane.build/libraries/AP_HAL_AVR/I2CDriver.o
LOAD /home/vagrant/ardupilot/arduplane.build/libraries/AP_HAL_AVR/RCInput_APM1.o
LOAD /home/vagrant/ardupilot/arduplane.build/libraries/AP_HAL_AVR/RCInput_APM2.o
LOAD /home/vagrant/ardupilot/arduplane.build/libraries/AP_HAL_AVR/RCOutput_APM1.o
LOAD /home/vagrant/ardupilot/arduplane.build/libraries/AP_HAL_AVR/RCOutput_APM2.o
LOAD /home/vagrant/ardupilot/arduplane.build/libraries/AP_HAL_AVR/Scheduler.o
LOAD /home/vagrant/ardupilot/arduplane.build/libraries/AP_HAL_AVR/Scheduler_Timer.o
LOAD /home/vagrant/ardupilot/arduplane.build/libraries/AP_HAL_AVR/Semaphores.o
LOAD /home/vagrant/ardupilot/arduplane.build/libraries/AP_HAL_AVR/SPIDeviceManager_APM1.o
LOAD /home/vagrant/ardupilot/arduplane.build/libraries/AP_HAL_AVR/SPIDeviceManager_APM2.o
LOAD /home/vagrant/ardupilot/arduplane.build/libraries/AP_HAL_AVR/SPIDevice_SPI0.o
LOAD /home/vagrant/ardupilot/arduplane.build/libraries/AP_HAL_AVR/SPIDevice_SPI2.o
LOAD /home/vagrant/ardupilot/arduplane.build/libraries/AP_HAL_AVR/SPIDevice_SPI3.o
LOAD /home/vagrant/ardupilot/arduplane.build/libraries/AP_HAL_AVR/Storage.o
LOAD /home/vagrant/ardupilot/arduplane.build/libraries/AP_HAL_AVR/UARTDriver.o
LOAD /home/vagrant/ardupilot/arduplane.build/libraries/AP_HAL_AVR/Util.o
LOAD /home/vagrant/ardupilot/arduplane.build/libraries/AP_HAL_AVR_SITL/AnalogIn.o
LOAD /home/vagrant/ardupilot/arduplane.build/libraries/AP_HAL_AVR_SITL/Console.o
LOAD /home/vagrant/ardupilot/arduplane.build/libraries/AP_HAL_AVR_SITL/HAL_AVR_SITL_Class.o
LOAD /home/vagrant/ardupilot/arduplane.build/libraries/AP_HAL_AVR_SITL/RCInput.o
LOAD /home/vagrant/ardupilot/arduplane.build/libraries/AP_HAL_AVR_SITL/RCOutput.o
LOAD /home/vagrant/ardupilot/arduplane.build/libraries/AP_HAL_AVR_SITL/Scheduler.o
LOAD /home/vagrant/ardupilot/arduplane.build/libraries/AP_HAL_AVR_SITL/sitl_barometer.o
LOAD /home/vagrant/ardupilot/arduplane.build/libraries/AP_HAL_AVR_SITL/sitl_compass.o
LOAD /home/vagrant/ardupilot/arduplane.build/libraries/AP_HAL_AVR_SITL/sitl_gps.o
LOAD /home/vagrant/ardupilot/arduplane.build/libraries/AP_HAL_AVR_SITL/sitl_ins.o
LOAD /home/vagrant/ardupilot/arduplane.build/libraries/AP_HAL_AVR_SITL/SITL_State.o
LOAD /home/vagrant/ardupilot/arduplane.build/libraries/AP_HAL_AVR_SITL/Storage.o
LOAD /home/vagrant/ardupilot/arduplane.build/libraries/AP_HAL_AVR_SITL/UARTDriver.o
LOAD /home/vagrant/ardupilot/arduplane.build/libraries/AP_HAL_AVR_SITL/Util.o
LOAD /home/vagrant/ardupilot/arduplane.build/libraries/AP_HAL_Empty/AnalogIn.o
LOAD /home/vagrant/ardupilot/arduplane.build/libraries/AP_HAL_Empty/Console.o
LOAD /home/vagrant/ardupilot/arduplane.build/libraries/AP_HAL_Empty/GPIO.o
LOAD /home/vagrant/ardupilot/arduplane.build/libraries/AP_HAL_Empty/HAL_Empty_Class.o
LOAD /home/vagrant/ardupilot/arduplane.build/libraries/AP_HAL_Empty/I2CDriver.o
LOAD /home/vagrant/ardupilot/arduplane.build/libraries/AP_HAL_Empty/PrivateMember.o
LOAD /home/vagrant/ardupilot/arduplane.build/libraries/AP_HAL_Empty/RCInput.o
LOAD /home/vagrant/ardupilot/arduplane.build/libraries/AP_HAL_Empty/RCOutput.o
LOAD /home/vagrant/ardupilot/arduplane.build/libraries/AP_HAL_Empty/Scheduler.o
LOAD /home/vagrant/ardupilot/arduplane.build/libraries/AP_HAL_Empty/Semaphores.o
LOAD /home/vagrant/ardupilot/arduplane.build/libraries/AP_HAL_Empty/SPIDriver.o
LOAD /home/vagrant/ardupilot/arduplane.build/libraries/AP_HAL_Empty/Storage.o
LOAD /home/vagrant/ardupilot/arduplane.build/libraries/AP_HAL_Empty/UARTDriver.o
LOAD /home/vagrant/ardupilot/arduplane.build/libraries/AP_HAL_Empty/Util.o
LOAD /home/vagrant/ardupilot/arduplane.build/libraries/AP_HAL_PX4/AnalogIn.o
LOAD /home/vagrant/ardupilot/arduplane.build/libraries/AP_HAL_PX4/Console.o
LOAD /home/vagrant/ardupilot/arduplane.build/libraries/AP_HAL_PX4/HAL_PX4_Class.o
LOAD /home/vagrant/ardupilot/arduplane.build/libraries/AP_HAL_PX4/RCInput.o
LOAD /home/vagrant/ardupilot/arduplane.build/libraries/AP_HAL_PX4/RCOutput.o
LOAD /home/vagrant/ardupilot/arduplane.build/libraries/AP_HAL_PX4/Scheduler.o
LOAD /home/vagrant/ardupilot/arduplane.build/libraries/AP_HAL_PX4/Storage.o
LOAD /home/vagrant/ardupilot/arduplane.build/libraries/AP_HAL_PX4/UARTDriver.o
LOAD /home/vagrant/ardupilot/arduplane.build/libraries/AP_HAL_PX4/Util.o
LOAD /home/vagrant/ardupilot/arduplane.build/libraries/AP_InertialSensor/AP_InertialSensor.o
LOAD /home/vagrant/ardupilot/arduplane.build/libraries/AP_InertialSensor/AP_InertialSensor_MPU6000.o
LOAD /home/vagrant/ardupilot/arduplane.build/libraries/AP_InertialSensor/AP_InertialSensor_Oilpan.o
LOAD /home/vagrant/ardupilot/arduplane.build/libraries/AP_InertialSensor/AP_InertialSensor_PX4.o
LOAD /home/vagrant/ardupilot/arduplane.build/libraries/AP_InertialSensor/AP_InertialSensor_Stub.o
LOAD /home/vagrant/ardupilot/arduplane.build/libraries/AP_InertialSensor/AP_InertialSensor_UserInteract_Stream.o
LOAD /home/vagrant/ardupilot/arduplane.build/libraries/AP_Math/AP_Math.o
LOAD /home/vagrant/ardupilot/arduplane.build/libraries/AP_Math/location.o
LOAD /home/vagrant/ardupilot/arduplane.build/libraries/AP_Math/matrix3.o
LOAD /home/vagrant/ardupilot/arduplane.build/libraries/AP_Math/polygon.o
LOAD /home/vagrant/ardupilot/arduplane.build/libraries/AP_Math/quaternion.o
LOAD /home/vagrant/ardupilot/arduplane.build/libraries/AP_Math/vector2.o
LOAD /home/vagrant/ardupilot/arduplane.build/libraries/AP_Math/vector3.o
LOAD /home/vagrant/ardupilot/arduplane.build/libraries/AP_Menu/AP_Menu.o
LOAD /home/vagrant/ardupilot/arduplane.build/libraries/AP_Mount/AP_Mount.o
LOAD /home/vagrant/ardupilot/arduplane.build/libraries/AP_Param/AP_Param.o
LOAD /home/vagrant/ardupilot/arduplane.build/libraries/AP_Progmem/AP_Progmem_AVR.o
LOAD /home/vagrant/ardupilot/arduplane.build/libraries/AP_RangeFinder/AP_RangeFinder_analog.o
LOAD /home/vagrant/ardupilot/arduplane.build/libraries/AP_RangeFinder/AP_RangeFinder_MaxsonarI2CXL.o
LOAD /home/vagrant/ardupilot/arduplane.build/libraries/AP_RangeFinder/AP_RangeFinder_MaxsonarXL.o
LOAD /home/vagrant/ardupilot/arduplane.build/libraries/AP_RangeFinder/AP_RangeFinder_SharpGP2Y.o
LOAD /home/vagrant/ardupilot/arduplane.build/libraries/AP_RangeFinder/RangeFinder.o
LOAD /home/vagrant/ardupilot/arduplane.build/libraries/AP_Relay/AP_Relay.o
LOAD /home/vagrant/ardupilot/arduplane.build/libraries/DataFlash/DataFlash_APM1.o
LOAD /home/vagrant/ardupilot/arduplane.build/libraries/DataFlash/DataFlash_APM2.o
LOAD /home/vagrant/ardupilot/arduplane.build/libraries/DataFlash/DataFlash_Block.o
LOAD /home/vagrant/ardupilot/arduplane.build/libraries/DataFlash/DataFlash_Empty.o
LOAD /home/vagrant/ardupilot/arduplane.build/libraries/DataFlash/DataFlash_SITL.o
LOAD /home/vagrant/ardupilot/arduplane.build/libraries/DataFlash/LogFile.o
LOAD /home/vagrant/ardupilot/arduplane.build/libraries/Filter/DerivativeFilter.o
LOAD /home/vagrant/ardupilot/arduplane.build/libraries/GCS_MAVLink/GCS_MAVLink.o
LOAD /home/vagrant/ardupilot/arduplane.build/libraries/PID/PID.o
LOAD /home/vagrant/ardupilot/arduplane.build/libraries/RC_Channel/RC_Channel_aux.o
LOAD /home/vagrant/ardupilot/arduplane.build/libraries/RC_Channel/RC_Channel.o
LOAD /home/vagrant/ardupilot/arduplane.build/libraries/SITL/SITL.o
LOAD /home/vagrant/ardupilot/arduplane.build/libraries/memcheck/memcheck.o
LOAD /home/vagrant/ardupilot/arduplane.build/libraries/AP_HAL/utility/Print.o
LOAD /home/vagrant/ardupilot/arduplane.build/libraries/AP_HAL_AVR/utility/ISRRegistry.o
LOAD /home/vagrant/ardupilot/arduplane.build/libraries/AP_HAL_AVR/utility/print_vprintf.o
LOAD /home/vagrant/ardupilot/arduplane.build/libraries/AP_HAL_AVR_SITL/utility/print_vprintf.o
LOAD /home/vagrant/ardupilot/arduplane.build/libraries/AP_HAL_AVR/utility/pins_arduino_mega.o
LOAD /home/vagrant/ardupilot/arduplane.build/libraries/AP_HAL_AVR/utility/ftoa_engine.o
LOAD /home/vagrant/ardupilot/arduplane.build/libraries/AP_HAL_AVR/utility/ultoa_invert.o
LOAD /usr/lib/gcc/avr/4.5.3/../../../avr/lib/avr6/libm.a
LOAD /usr/lib/gcc/avr/4.5.3/avr6/libgcc.a
LOAD /usr/lib/gcc/avr/4.5.3/../../../avr/lib/avr6/libc.a
LOAD /usr/lib/gcc/avr/4.5.3/avr6/libgcc.a

.hash
 *(.hash)

.dynsym
 *(.dynsym)

.dynstr
 *(.dynstr)

.gnu.version
 *(.gnu.version)

.gnu.version_d
 *(.gnu.version_d)

.gnu.version_r
 *(.gnu.version_r)

.rel.init
 *(.rel.init)

.rela.init
 *(.rela.init)

.rel.text
 *(.rel.text)
 *(.rel.text.*)
 *(.rel.gnu.linkonce.t*)

.rela.text
 *(.rela.text)
 *(.rela.text.*)
 *(.rela.gnu.linkonce.t*)

.rel.fini
 *(.rel.fini)

.rela.fini
 *(.rela.fini)

.rel.rodata
 *(.rel.rodata)
 *(.rel.rodata.*)
 *(.rel.gnu.linkonce.r*)

.rela.rodata
 *(.rela.rodata)
 *(.rela.rodata.*)
 *(.rela.gnu.linkonce.r*)

.rel.data
 *(.rel.data)
 *(.rel.data.*)
 *(.rel.gnu.linkonce.d*)

.rela.data
 *(.rela.data)
 *(.rela.data.*)
 *(.rela.gnu.linkonce.d*)

.rel.ctors
 *(.rel.ctors)

.rela.ctors
 *(.rela.ctors)

.rel.dtors
 *(.rel.dtors)

.rela.dtors
 *(.rela.dtors)

.rel.got
 *(.rel.got)

.rela.got
 *(.rela.got)

.rel.bss
 *(.rel.bss)

.rela.bss
 *(.rela.bss)

.rel.plt
 *(.rel.plt)

.rela.plt
 *(.rela.plt)

.text           0x00000000    0x25030
 *(.vectors)
 .vectors       0x00000000       0xe4 /usr/lib/gcc/avr/4.5.3/../../../avr/lib/avr6/crtm2560.o
                0x00000000                __vectors
                0x00000000                __vector_default
 *(.vectors)
 *(.progmem.gcc*)
 .progmem.gcc_sw_table
                0x000000e4      0x11e /home/vagrant/ardupilot/arduplane.build/ArduPlane.o
 .progmem.gcc_sw_table
                0x00000202       0x6e /home/vagrant/ardupilot/arduplane.build/libraries/AP_HAL_AVR/RCOutput_APM2.o
 .progmem.gcc_sw_table
                0x00000270       0x14 /home/vagrant/ardupilot/arduplane.build/libraries/GCS_MAVLink/GCS_MAVLink.o
 .progmem.gcc_sw_table
                0x00000284       0x26 /home/vagrant/ardupilot/arduplane.build/libraries/RC_Channel/RC_Channel_aux.o
 .progmem.gcc_fplib
                0x000002aa       0x14 /usr/lib/gcc/avr/4.5.3/../../../avr/lib/avr6/libm.a(asin.o)
 .progmem.gcc_fplib
                0x000002be       0x2d /usr/lib/gcc/avr/4.5.3/../../../avr/lib/avr6/libm.a(atan.o)
 .progmem.gcc_fplib
                0x000002eb       0x28 /usr/lib/gcc/avr/4.5.3/../../../avr/lib/avr6/libm.a(exp.o)
 .progmem.gcc_fplib
                0x00000313       0x28 /usr/lib/gcc/avr/4.5.3/../../../avr/lib/avr6/libm.a(fp_arccos.o)
 .progmem.gcc_fplib
                0x0000033b       0x1e /usr/lib/gcc/avr/4.5.3/../../../avr/lib/avr6/libm.a(fp_sinus.o)
 *(.progmem*)
 .progmem.data  0x00000359     0x2394 /home/vagrant/ardupilot/arduplane.build/ArduPlane.o
                0x00000359                _ZN11GCS_MAVLINK8var_infoE
                0x00000453                var_info
 .progmem.data  0x000026ed       0xe1 /home/vagrant/ardupilot/arduplane.build/libraries/AP_AHRS/AP_AHRS.o
                0x000026ed                _ZN7AP_AHRS8var_infoE
 .progmem.data  0x000027ce       0x7d /home/vagrant/ardupilot/arduplane.build/libraries/AP_Airspeed/AP_Airspeed.o
                0x000027ce                _ZN11AP_Airspeed8var_infoE
 .progmem.data  0x0000284b      0x141 /home/vagrant/ardupilot/arduplane.build/libraries/AP_Baro/AP_Baro.o
                0x0000284b                _ZN7AP_Baro8var_infoE
 .progmem.data  0x0000298c      0x1e9 /home/vagrant/ardupilot/arduplane.build/libraries/AP_Baro/AP_Baro_MS5611.o
 .progmem.data  0x00002b75       0x7d /home/vagrant/ardupilot/arduplane.build/libraries/AP_Camera/AP_Camera.o
                0x00002b75                _ZN9AP_Camera8var_infoE
 .progmem.data  0x00002bf2       0xc8 /home/vagrant/ardupilot/arduplane.build/libraries/AP_Compass/Compass.o
                0x00002bf2                _ZN7Compass8var_infoE
 .progmem.data  0x00002cba      0x7d0 /home/vagrant/ardupilot/arduplane.build/libraries/AP_Declination/AP_Declination.o
 .progmem.data  0x0000348a       0x31 /home/vagrant/ardupilot/arduplane.build/libraries/AP_HAL_AVR/AnalogIn_Common.o
 .progmem.data  0x000034bb       0x54 /home/vagrant/ardupilot/arduplane.build/libraries/AP_HAL_AVR/Scheduler.o
 .progmem.data  0x0000350f       0x39 /home/vagrant/ardupilot/arduplane.build/libraries/AP_HAL_AVR/Semaphores.o
 .progmem.data  0x00003548       0x3b /home/vagrant/ardupilot/arduplane.build/libraries/AP_HAL_AVR/SPIDevice_SPI0.o
                0x00003548                _ZZN10AP_HAL_AVR19AVRSPI0DeviceDriver9_transferEhE3__c_0
                0x00003564                _ZZN10AP_HAL_AVR19AVRSPI0DeviceDriver9_transferEhE3__c
 .progmem.data  0x00003583      0x18a /home/vagrant/ardupilot/arduplane.build/libraries/AP_InertialSensor/AP_InertialSensor.o
                0x00003583                _ZN17AP_InertialSensor8var_infoE
 .progmem.data  0x0000370d       0x3c /home/vagrant/ardupilot/arduplane.build/libraries/AP_Menu/AP_Menu.o
 .progmem.data  0x00003749      0x1c2 /home/vagrant/ardupilot/arduplane.build/libraries/AP_Mount/AP_Mount.o
                0x00003749                _ZN8AP_Mount8var_infoE
 .progmem.data  0x0000390b       0x21 /home/vagrant/ardupilot/arduplane.build/libraries/AP_Param/AP_Param.o
 .progmem.data  0x0000392c       0x5e /home/vagrant/ardupilot/arduplane.build/libraries/DataFlash/DataFlash_APM2.o
 .progmem.data  0x0000398a       0x86 /home/vagrant/ardupilot/arduplane.build/libraries/DataFlash/LogFile.o
 .progmem.data  0x00003a10      0x100 /home/vagrant/ardupilot/arduplane.build/libraries/GCS_MAVLink/GCS_MAVLink.o
 .progmem.data  0x00003b10       0x7d /home/vagrant/ardupilot/arduplane.build/libraries/PID/PID.o
                0x00003b10                _ZN3PID8var_infoE
 .progmem.data  0x00003b8d       0x4b /home/vagrant/ardupilot/arduplane.build/libraries/RC_Channel/RC_Channel_aux.o
                0x00003b8d                _ZN14RC_Channel_aux8var_infoE
 .progmem.data  0x00003bd8       0x96 /home/vagrant/ardupilot/arduplane.build/libraries/RC_Channel/RC_Channel.o
                0x00003bd8                _ZN10RC_Channel8var_infoE
 .progmem.data  0x00003c6e        0x8 /home/vagrant/ardupilot/arduplane.build/libraries/AP_HAL_AVR/utility/print_vprintf.o
 .progmem.data  0x00003c76      0x123 /home/vagrant/ardupilot/arduplane.build/libraries/AP_HAL_AVR/utility/pins_arduino_mega.o
                0x00003c76                port_to_mode_PGM
                0x00003c90                port_to_output_PGM
                0x00003caa                port_to_input_PGM
                0x00003cc4                digital_pin_to_port_PGM
                0x00003d0b                digital_pin_to_bit_mask_PGM
                0x00003d52                digital_pin_to_timer_PGM
 .progmem.data  0x00003d99       0xfa /home/vagrant/ardupilot/arduplane.build/libraries/AP_HAL_AVR/utility/ftoa_engine.o
 .progmem.data  0x00003e93       0x3b /usr/lib/gcc/avr/4.5.3/../../../avr/lib/avr6/libc.a(strtod.o)
                0x00003ece                . = ALIGN (0x2)
                0x00003ece                __trampolines_start = .
 *(.trampolines)
 .trampolines   0x00003ece      0x110 linker stubs
 *(.trampolines*)
                0x00003fde                __trampolines_end = .
 *(.jumptables)
 *(.jumptables*)
 *(.lowtext)
 *(.lowtext*)
                0x00003fde                __ctors_start = .
 *(.ctors)
 .ctors         0x00003fde        0x2 /home/vagrant/ardupilot/arduplane.build/ArduPlane.o
 .ctors         0x00003fe0        0x2 /home/vagrant/ardupilot/arduplane.build/libraries/AP_Baro/AP_Baro_MS5611.o
 .ctors         0x00003fe2        0x2 /home/vagrant/ardupilot/arduplane.build/libraries/AP_HAL_AVR/HAL_AVR_APM2_Class.o
 .ctors         0x00003fe4        0x2 /home/vagrant/ardupilot/arduplane.build/libraries/AP_HAL_AVR/SPIDevice_SPI0.o
 .ctors         0x00003fe6        0x2 /home/vagrant/ardupilot/arduplane.build/libraries/AP_HAL_AVR/SPIDevice_SPI2.o
 .ctors         0x00003fe8        0x2 /home/vagrant/ardupilot/arduplane.build/libraries/AP_HAL_AVR/SPIDevice_SPI3.o
 .ctors         0x00003fea        0x2 /home/vagrant/ardupilot/arduplane.build/libraries/AP_InertialSensor/AP_InertialSensor_MPU6000.o
                0x00003fec                __ctors_end = .
                0x00003fec                __dtors_start = .
 *(.dtors)
                0x00003fec                __dtors_end = .
 SORT(*)(.ctors)
 SORT(*)(.dtors)
 *(.init0)
 .init0         0x00003fec        0x0 /usr/lib/gcc/avr/4.5.3/../../../avr/lib/avr6/crtm2560.o
                0x00003fec                __init
 *(.init0)
 *(.init1)
 *(.init1)
 *(.init2)
 .init2         0x00003fec       0x10 /usr/lib/gcc/avr/4.5.3/../../../avr/lib/avr6/crtm2560.o
 *(.init2)
 *(.init3)
 *(.init3)
 *(.init4)
 .init4         0x00003ffc       0x1a /usr/lib/gcc/avr/4.5.3/avr6/libgcc.a(_copy_data.o)
                0x00003ffc                __do_copy_data
 .init4         0x00004016       0x10 /usr/lib/gcc/avr/4.5.3/avr6/libgcc.a(_clear_bss.o)
                0x00004016                __do_clear_bss
 *(.init4)
 *(.init5)
 *(.init5)
 *(.init6)
 .init6         0x00004026       0x20 /usr/lib/gcc/avr/4.5.3/avr6/libgcc.a(_ctors.o)
                0x00004026                __do_global_ctors
 *(.init6)
 *(.init7)
 *(.init7)
 *(.init8)
 *(.init8)
 *(.init9)
 .init9         0x00004046        0x8 /usr/lib/gcc/avr/4.5.3/../../../avr/lib/avr6/crtm2560.o
 *(.init9)
 *(.text)
 .text          0x0000404e        0x4 /usr/lib/gcc/avr/4.5.3/../../../avr/lib/avr6/crtm2560.o
                0x0000404e                __vector_38
                0x0000404e                __vector_22
                0x0000404e                __vector_28
                0x0000404e                __vector_1
                0x0000404e                __vector_32
                0x0000404e                __vector_34
                0x0000404e                __vector_24
                0x0000404e                __vector_12
                0x0000404e                __vector_55
                0x0000404e                __bad_interrupt
                0x0000404e                __vector_6
                0x0000404e                __vector_31
                0x0000404e                __vector_35
                0x0000404e                __vector_3
                0x0000404e                __vector_30
                0x0000404e                __vector_45
                0x0000404e                __vector_11
                0x0000404e                __vector_54
                0x0000404e                __vector_13
                0x0000404e                __vector_17
                0x0000404e                __vector_19
                0x0000404e                __vector_56
                0x0000404e                __vector_49
                0x0000404e                __vector_43
                0x0000404e                __vector_27
                0x0000404e                __vector_5
                0x0000404e                __vector_33
                0x0000404e                __vector_47
                0x0000404e                __vector_4
                0x0000404e                __vector_44
                0x0000404e                __vector_9
                0x0000404e                __vector_2
                0x0000404e                __vector_21
                0x0000404e                __vector_29
                0x0000404e                __vector_40
                0x0000404e                __vector_8
                0x0000404e                __vector_48
                0x0000404e                __vector_14
                0x0000404e                __vector_53
                0x0000404e                __vector_10
                0x0000404e                __vector_50
                0x0000404e                __vector_16
                0x0000404e                __vector_18
                0x0000404e                __vector_20
                0x0000404e                __vector_42
 .text          0x00004052      0x1b0 /home/vagrant/ardupilot/arduplane.build/libraries/AP_HAL_AVR/utility/ftoa_engine.o
                0x00004052                __ftoa_engine
 .text          0x00004202       0xbc /home/vagrant/ardupilot/arduplane.build/libraries/AP_HAL_AVR/utility/ultoa_invert.o
                0x00004202                __ultoa_invert
 .text          0x000042be      0x194 /usr/lib/gcc/avr/4.5.3/avr6/libgcc.a(_muldi3.o)
                0x000042be                __muldi3
 .text          0x00004452       0xe2 /usr/lib/gcc/avr/4.5.3/avr6/libgcc.a(_ashldi3.o)
                0x00004452                __ashldi3
 .text          0x00004534      0xcac /usr/lib/gcc/avr/4.5.3/avr6/libgcc.a(_udivdi3.o)
                0x00004534                __udivdi3
                0x000051e0                . = ALIGN (0x2)
 *(.text.*)
 .text._ZN7AP_AHRS4initEv
                0x000051e0       0x20 /home/vagrant/ardupilot/arduplane.build/ArduPlane.o
                0x000051e0                _ZN7AP_AHRS4initEv
 .text._ZN7AP_AHRS12get_positionEP8Location
                0x00005200       0x54 /home/vagrant/ardupilot/arduplane.build/ArduPlane.o
                0x00005200                _ZN7AP_AHRS12get_positionEP8Location
 .text._ZN7AP_AHRS13wind_estimateEv
                0x00005254       0x22 /home/vagrant/ardupilot/arduplane.build/ArduPlane.o
                0x00005254                _ZN7AP_AHRS13wind_estimateEv
 .text._ZN11AP_AHRS_HIL8get_gyroEv
                0x00005276       0x18 /home/vagrant/ardupilot/arduplane.build/ArduPlane.o
                0x00005276                _ZN11AP_AHRS_HIL8get_gyroEv
 .text._ZN11AP_AHRS_HIL6updateEv
                0x0000528e       0x1a /home/vagrant/ardupilot/arduplane.build/ArduPlane.o
                0x0000528e                _ZN11AP_AHRS_HIL6updateEv
 .text._ZN11AP_AHRS_HIL14get_gyro_driftEv
                0x000052a8       0x22 /home/vagrant/ardupilot/arduplane.build/ArduPlane.o
                0x000052a8                _ZN11AP_AHRS_HIL14get_gyro_driftEv
 .text._ZN11AP_AHRS_HIL5resetEb
                0x000052ca        0x2 /home/vagrant/ardupilot/arduplane.build/ArduPlane.o
                0x000052ca                _ZN11AP_AHRS_HIL5resetEb
 .text._ZN11AP_AHRS_HIL12get_error_rpEv
                0x000052cc        0x8 /home/vagrant/ardupilot/arduplane.build/ArduPlane.o
                0x000052cc                _ZN11AP_AHRS_HIL12get_error_rpEv
 .text._ZN11AP_AHRS_HIL13get_error_yawEv
                0x000052d4        0x8 /home/vagrant/ardupilot/arduplane.build/ArduPlane.o
                0x000052d4                _ZN11AP_AHRS_HIL13get_error_yawEv
 .text._ZL16comm_get_txspace17mavlink_channel_t
                0x000052dc       0x3e /home/vagrant/ardupilot/arduplane.build/ArduPlane.o
 .text._ZL13crash_checkerv
                0x0000531a       0x36 /home/vagrant/ardupilot/arduplane.build/ArduPlane.o
 .text._ZL16read_alt_to_holdv
                0x00005350       0x44 /home/vagrant/ardupilot/arduplane.build/ArduPlane.o
 .text._ZL10readSwitchv
                0x00005394       0x7e /home/vagrant/ardupilot/arduplane.build/ArduPlane.o
 .text._ZL26get_fence_point_with_indexj
                0x00005412       0x9e /home/vagrant/ardupilot/arduplane.build/ArduPlane.o
 .text._ZL16geofence_enabledv
                0x000054b0       0x56 /home/vagrant/ardupilot/arduplane.build/ArduPlane.o
 .text._ZL20stick_mixing_enabledv
                0x00005506       0x7e /home/vagrant/ardupilot/arduplane.build/ArduPlane.o
 .text._ZL12read_batteryv
                0x00005584      0x160 /home/vagrant/ardupilot/arduplane.build/ArduPlane.o
 .text._ZL20adjusted_altitude_cmv
                0x000056e4       0x40 /home/vagrant/ardupilot/arduplane.build/ArduPlane.o
 .text._ZL11setup_erasehPKN4Menu3argE
                0x00005724       0xfe /home/vagrant/ardupilot/arduplane.build/ArduPlane.o
 .text._ZL9print_PIDP3PID
                0x00005822       0xb0 /home/vagrant/ardupilot/arduplane.build/ArduPlane.o
 .text._ZL10print_donev
                0x000058d2       0x3c /home/vagrant/ardupilot/arduplane.build/ArduPlane.o
 .text._ZL14main_menu_helphPKN4Menu3argE
                0x0000590e       0x3e /home/vagrant/ardupilot/arduplane.build/ArduPlane.o
 .text._ZL10reboot_apmv
                0x0000594c       0x18 /home/vagrant/ardupilot/arduplane.build/ArduPlane.o
 .text._ZL12reboot_boardhPKN4Menu3argE
                0x00005964        0x6 /home/vagrant/ardupilot/arduplane.build/ArduPlane.o
 .text._ZL17print_flight_modeh
                0x0000596a       0xec /home/vagrant/ardupilot/arduplane.build/ArduPlane.o
 .text._ZL12print_switchhh
                0x00005a56       0x72 /home/vagrant/ardupilot/arduplane.build/ArduPlane.o
 .text._ZL11servo_writehj
                0x00005ac8       0x6c /home/vagrant/ardupilot/arduplane.build/ArduPlane.o
 .text._ZL15print_hit_enterv
                0x00005b34       0x3c /home/vagrant/ardupilot/arduplane.build/ArduPlane.o
 .text._ZN13LowPassFilterIlE20set_cutoff_frequencyEff
                0x00005b70       0x5c /home/vagrant/ardupilot/arduplane.build/ArduPlane.o
                0x00005b70                _ZN13LowPassFilterIlE20set_cutoff_frequencyEff
 .text._ZN13LowPassFilterIlE5applyEl
                0x00005bcc       0x7a /home/vagrant/ardupilot/arduplane.build/ArduPlane.o
                0x00005bcc                _ZN13LowPassFilterIlE5applyEl
 .text._ZN13LowPassFilterIlE5resetEv
                0x00005c46        0x6 /home/vagrant/ardupilot/arduplane.build/ArduPlane.o
                0x00005c46                _ZN13LowPassFilterIlE5resetEv
 .text._ZN13LowPassFilterIlE17set_time_constantEff
                0x00005c4c       0x3c /home/vagrant/ardupilot/arduplane.build/ArduPlane.o
                0x00005c4c                _ZN13LowPassFilterIlE17set_time_constantEff
 .text._ZN13LowPassFilterIlE5resetEl
                0x00005c88       0x20 /home/vagrant/ardupilot/arduplane.build/ArduPlane.o
                0x00005c88                _ZN13LowPassFilterIlE5resetEl
 .text._ZL12test_logginghPKN4Menu3argE
                0x00005ca8       0x14 /home/vagrant/ardupilot/arduplane.build/ArduPlane.o
 .text._ZL11test_eedumphPKN4Menu3argE
                0x00005cbc      0x102 /home/vagrant/ardupilot/arduplane.build/ArduPlane.o
 .text._ZL12print_blanksi
                0x00005dbe       0x22 /home/vagrant/ardupilot/arduplane.build/ArduPlane.o
 .text._ZL13print_dividerv
                0x00005de0       0x66 /home/vagrant/ardupilot/arduplane.build/ArduPlane.o
 .text._ZL19report_batt_monitorv
                0x00005e46       0xf2 /home/vagrant/ardupilot/arduplane.build/ArduPlane.o
 .text._ZL19report_flight_modesv
                0x00005f38       0x66 /home/vagrant/ardupilot/arduplane.build/ArduPlane.o
 .text._ZL10report_insv
                0x00005f9e      0x1a4 /home/vagrant/ardupilot/arduplane.build/ArduPlane.o
 .text._ZL12report_radiov
                0x00006142      0x300 /home/vagrant/ardupilot/arduplane.build/ArduPlane.o
 .text._ZL22get_cmd_with_index_rawi
                0x00006442      0x110 /home/vagrant/ardupilot/arduplane.build/ArduPlane.o
 .text._ZL18get_cmd_with_indexi
                0x00006552       0x78 /home/vagrant/ardupilot/arduplane.build/ArduPlane.o
 .text._ZL19vtail_output_mixingv
                0x000065ca       0xb0 /home/vagrant/ardupilot/arduplane.build/ArduPlane.o
 .text._Z14failsafe_checkm
                0x0000667a      0x19c /home/vagrant/ardupilot/arduplane.build/ArduPlane.o
                0x0000667a                _Z14failsafe_checkm
 .text._ZL18set_cmd_with_index8Locationi
                0x00006816      0x12e /home/vagrant/ardupilot/arduplane.build/ArduPlane.o
 .text._ZL9test_modehPKN4Menu3argE
                0x00006944       0x46 /home/vagrant/ardupilot/arduplane.build/ArduPlane.o
 .text._ZL10setup_modehPKN4Menu3argE
                0x0000698a       0x46 /home/vagrant/ardupilot/arduplane.build/ArduPlane.o
 .text._ZL12process_logshPKN4Menu3argE
                0x000069d0        0xc /home/vagrant/ardupilot/arduplane.build/ArduPlane.o
 .text._ZL18setup_batt_monitorhPKN4Menu3argE
                0x000069dc       0x62 /home/vagrant/ardupilot/arduplane.build/ArduPlane.o
 .text._ZL13init_commandsv
                0x00006a3e       0x1e /home/vagrant/ardupilot/arduplane.build/ArduPlane.o
 .text._ZL9setup_sethPKN4Menu3argE
                0x00006a5c      0x1f6 /home/vagrant/ardupilot/arduplane.build/ArduPlane.o
 .text._ZL14report_compassv
                0x00006c52      0x236 /home/vagrant/ardupilot/arduplane.build/ArduPlane.o
 .text._ZL10setup_showhPKN4Menu3argE
                0x00006e88      0x6fc /home/vagrant/ardupilot/arduplane.build/ArduPlane.o
 .text._ZL17setup_declinationhPKN4Menu3argE
                0x00007584       0x20 /home/vagrant/ardupilot/arduplane.build/ArduPlane.o
 .text._ZL17setup_accel_scalehPKN4Menu3argE
                0x000075a4      0x12e /home/vagrant/ardupilot/arduplane.build/ArduPlane.o
 .text._ZL13setup_factoryhPKN4Menu3argE
                0x000076d2       0xa4 /home/vagrant/ardupilot/arduplane.build/ArduPlane.o
 .text._ZL11select_logshPKN4Menu3argE
                0x00007776      0x14e /home/vagrant/ardupilot/arduplane.build/ArduPlane.o
 .text._ZL8Log_Readhii
                0x000078c4       0x7a /home/vagrant/ardupilot/arduplane.build/ArduPlane.o
 .text._ZL8dump_loghPKN4Menu3argE
                0x0000793e      0x1a2 /home/vagrant/ardupilot/arduplane.build/ArduPlane.o
 .text._ZN11AP_AHRS_HIL14get_dcm_matrixEv
                0x00007ae0       0x88 /home/vagrant/ardupilot/arduplane.build/ArduPlane.o
                0x00007ae0                _ZN11AP_AHRS_HIL14get_dcm_matrixEv
 .text._ZL14print_log_menuv
                0x00007b68      0x598 /home/vagrant/ardupilot/arduplane.build/ArduPlane.o
 .text._ZL16reset_crosstrackv
                0x00008100       0x1e /home/vagrant/ardupilot/arduplane.build/ArduPlane.o
 .text._ZL13set_guided_WPv
                0x0000811e       0xca /home/vagrant/ardupilot/arduplane.build/ArduPlane.o
 .text._ZL14Log_Write_Modeh
                0x000081e8       0x34 /home/vagrant/ardupilot/arduplane.build/ArduPlane.o
 .text._ZL6do_RTLv
                0x0000821c       0x4a /home/vagrant/ardupilot/arduplane.build/ArduPlane.o
 .text._ZL18Log_Write_Attitudev
                0x00008266       0x84 /home/vagrant/ardupilot/arduplane.build/ArduPlane.o
 .text._ZL13Log_Write_CmdhP8Location
                0x000082ea       0x82 /home/vagrant/ardupilot/arduplane.build/ArduPlane.o
 .text._ZL12send_meminfo17mavlink_channel_t
                0x0000836c       0x3c /home/vagrant/ardupilot/arduplane.build/ArduPlane.o
 .text._ZL26send_nav_controller_output17mavlink_channel_t
                0x000083a8      0x174 /home/vagrant/ardupilot/arduplane.build/ArduPlane.o
 .text.mavlink_msg_mission_current_send
                0x0000851c       0x2e /home/vagrant/ardupilot/arduplane.build/ArduPlane.o
 .text._ZL21send_current_waypoint17mavlink_channel_t
                0x0000854a        0xc /home/vagrant/ardupilot/arduplane.build/ArduPlane.o
 .text.mavlink_msg_mission_ack_send
                0x00008556       0x30 /home/vagrant/ardupilot/arduplane.build/ArduPlane.o
 .text._ZL12send_gps_raw17mavlink_channel_t
                0x00008586      0x266 /home/vagrant/ardupilot/arduplane.build/ArduPlane.o
 .text._ZL9send_ahrs17mavlink_channel_t
                0x000087ec       0x78 /home/vagrant/ardupilot/arduplane.build/ArduPlane.o
 .text._ZL14send_heartbeat17mavlink_channel_t
                0x00008864       0xd0 /home/vagrant/ardupilot/arduplane.build/ArduPlane.o
 .text._ZL17send_fence_status17mavlink_channel_t
                0x00008934       0x5c /home/vagrant/ardupilot/arduplane.build/ArduPlane.o
 .text._ZL12send_vfr_hud17mavlink_channel_t
                0x00008990      0x182 /home/vagrant/ardupilot/arduplane.build/ArduPlane.o
 .text._ZL13send_raw_imu317mavlink_channel_t
                0x00008b12      0x1de /home/vagrant/ardupilot/arduplane.build/ArduPlane.o
 .text.mav_array_memcpy
                0x00008cf0       0x12 /home/vagrant/ardupilot/arduplane.build/ArduPlane.o
 .text.mavlink_msg_statustext_send
                0x00008d02       0x36 /home/vagrant/ardupilot/arduplane.build/ArduPlane.o
 .text._ZL15send_statustext17mavlink_channel_t
                0x00008d38       0x18 /home/vagrant/ardupilot/arduplane.build/ArduPlane.o
 .text.mavlink_msg_param_value_send
                0x00008d50       0x72 /home/vagrant/ardupilot/arduplane.build/ArduPlane.o
 .text._ZL9send_wind17mavlink_channel_t
                0x00008dc2       0x82 /home/vagrant/ardupilot/arduplane.build/ArduPlane.o
 .text._ZL18calc_bearing_errorv
                0x00008e44       0x4e /home/vagrant/ardupilot/arduplane.build/ArduPlane.o
 .text._ZL13calc_nav_rollv
                0x00008e92       0xd6 /home/vagrant/ardupilot/arduplane.build/ArduPlane.o
 .text._ZL14stabilize_rollf
                0x00008f68       0xd2 /home/vagrant/ardupilot/arduplane.build/ArduPlane.o
 .text._ZL15stabilize_pitchf
                0x0000903a      0x11e /home/vagrant/ardupilot/arduplane.build/ArduPlane.o
 .text._ZL13stabilize_yawf
                0x00009158      0x24c /home/vagrant/ardupilot/arduplane.build/ArduPlane.o
 .text._ZL23loiter_set_direction_wpP8Location.clone.1
                0x000093a4       0x10 /home/vagrant/ardupilot/arduplane.build/ArduPlane.o
 .text._ZL12map_baudrateam.clone.29
                0x000093b4       0xb2 /home/vagrant/ardupilot/arduplane.build/ArduPlane.o
 .text._ZN7Compass11set_offsetsEiii
                0x00009466       0x66 /home/vagrant/ardupilot/arduplane.build/ArduPlane.o
                0x00009466                _ZN7Compass11set_offsetsEiii
 .text._ZL13setup_compasshPKN4Menu3argE
                0x000094cc       0xd6 /home/vagrant/ardupilot/arduplane.build/ArduPlane.o
 .text._ZN7Compass11use_for_yawEv
                0x000095a2       0x18 /home/vagrant/ardupilot/arduplane.build/ArduPlane.o
                0x000095a2                _ZN7Compass11use_for_yawEv
 .text._ZN7AP_AHRS11use_compassEv
                0x000095ba       0x10 /home/vagrant/ardupilot/arduplane.build/ArduPlane.o
                0x000095ba                _ZN7AP_AHRS11use_compassEv
 .text._ZL21send_extended_status117mavlink_channel_tj.clone.23
                0x000095ca      0x26e /home/vagrant/ardupilot/arduplane.build/ArduPlane.o
 .text._ZL17update_crosstrackv
                0x00009838      0x248 /home/vagrant/ardupilot/arduplane.build/ArduPlane.o
 .text._ZN11AP_AirspeedC1Ev
                0x00009a80        0x8 /home/vagrant/ardupilot/arduplane.build/ArduPlane.o
                0x00009a80                _ZN11AP_AirspeedC1Ev
 .text._ZN11AP_Airspeed3useEv
                0x00009a88       0x30 /home/vagrant/ardupilot/arduplane.build/ArduPlane.o
                0x00009a88                _ZN11AP_Airspeed3useEv
 .text._ZL20alt_control_airspeedv
                0x00009ab8       0x1c /home/vagrant/ardupilot/arduplane.build/ArduPlane.o
 .text._ZL14calc_nav_pitchv
                0x00009ad4       0xb2 /home/vagrant/ardupilot/arduplane.build/ArduPlane.o
 .text._ZL13calc_throttlev
                0x00009b86      0x1d4 /home/vagrant/ardupilot/arduplane.build/ArduPlane.o
 .text._ZN7AP_AHRSC2EP17AP_InertialSensorRP3GPS
                0x00009d5a       0xa2 /home/vagrant/ardupilot/arduplane.build/ArduPlane.o
                0x00009d5a                _ZN7AP_AHRSC2EP17AP_InertialSensorRP3GPS
 .text._ZN14RC_Channel_auxC1Eh
                0x00009dfc       0x2a /home/vagrant/ardupilot/arduplane.build/ArduPlane.o
                0x00009dfc                _ZN14RC_Channel_auxC1Eh
 .text._ZN10ParametersC1Ev
                0x00009e26      0x410 /home/vagrant/ardupilot/arduplane.build/ArduPlane.o
                0x00009e26                _ZN10ParametersC1Ev
 .text._ZN11GCS_MAVLINKC2Ev
                0x0000a236       0x2a /home/vagrant/ardupilot/arduplane.build/ArduPlane.o
                0x0000a236                _ZN11GCS_MAVLINKC2Ev
                0x0000a236                _ZN11GCS_MAVLINKC1Ev
 .text._ZN11GCS_MAVLINK14stream_triggerENS_7streamsE
                0x0000a260      0x110 /home/vagrant/ardupilot/arduplane.build/ArduPlane.o
                0x0000a260                _ZN11GCS_MAVLINK14stream_triggerENS_7streamsE
 .text._ZN11GCS_MAVLINK17_count_parametersEv
                0x0000a370       0x64 /home/vagrant/ardupilot/arduplane.build/ArduPlane.o
                0x0000a370                _ZN11GCS_MAVLINK17_count_parametersEv
 .text._ZN11GCS_MAVLINK20queued_waypoint_sendEv
                0x0000a3d4       0x78 /home/vagrant/ardupilot/arduplane.build/ArduPlane.o
                0x0000a3d4                _ZN11GCS_MAVLINK20queued_waypoint_sendEv
 .text._Z12print_latlonPN6AP_HAL12BetterStreamEl
                0x0000a44c       0xf4 /home/vagrant/ardupilot/arduplane.build/ArduPlane.o
                0x0000a44c                _Z12print_latlonPN6AP_HAL12BetterStreamEl
 .text._ZL12log_callbackh
                0x0000a540      0xb34 /home/vagrant/ardupilot/arduplane.build/ArduPlane.o
 .text._Z5delaym
                0x0000b074       0x1e /home/vagrant/ardupilot/arduplane.build/ArduPlane.o
                0x0000b074                _Z5delaym
 .text._ZL9test_xbeehPKN4Menu3argE
                0x0000b092       0xb6 /home/vagrant/ardupilot/arduplane.build/ArduPlane.o
 .text._ZL10test_relayhPKN4Menu3argE
                0x0000b148      0x100 /home/vagrant/ardupilot/arduplane.build/ArduPlane.o
 .text._ZL15test_modeswitchhPKN4Menu3argE
                0x0000b248      0x10a /home/vagrant/ardupilot/arduplane.build/ArduPlane.o
 .text._ZL13test_passthruhPKN4Menu3argE
                0x0000b352      0x102 /home/vagrant/ardupilot/arduplane.build/ArduPlane.o
 .text._ZL7test_wphPKN4Menu3argE
                0x0000b454      0x276 /home/vagrant/ardupilot/arduplane.build/ArduPlane.o
 .text._Z13mavlink_delaym
                0x0000b6ca       0x1e /home/vagrant/ardupilot/arduplane.build/ArduPlane.o
                0x0000b6ca                _Z13mavlink_delaym
 .text._Z6millisv
                0x0000b6e8       0x18 /home/vagrant/ardupilot/arduplane.build/ArduPlane.o
                0x0000b6e8                _Z6millisv
 .text._ZL13send_location17mavlink_channel_t
                0x0000b700      0x1da /home/vagrant/ardupilot/arduplane.build/ArduPlane.o
 .text._ZL14send_servo_out17mavlink_channel_t
                0x0000b8da       0xf0 /home/vagrant/ardupilot/arduplane.build/ArduPlane.o
 .text._ZL13send_radio_in17mavlink_channel_t
                0x0000b9ca      0x13c /home/vagrant/ardupilot/arduplane.build/ArduPlane.o
 .text._ZN11GCS_MAVLINK4initEPN6AP_HAL10UARTDriverE
                0x0000bb06       0x58 /home/vagrant/ardupilot/arduplane.build/ArduPlane.o
                0x0000bb06                _ZN11GCS_MAVLINK4initEPN6AP_HAL10UARTDriverE
 .text._ZL13send_raw_imu217mavlink_channel_t
                0x0000bb5e       0xc6 /home/vagrant/ardupilot/arduplane.build/ArduPlane.o
 .text._ZL13update_eventsv
                0x0000bc24       0xd2 /home/vagrant/ardupilot/arduplane.build/ArduPlane.o
 .text._ZL15do_repeat_servohjih
                0x0000bcf6       0x72 /home/vagrant/ardupilot/arduplane.build/ArduPlane.o
 .text._ZL17telemetry_delayed17mavlink_channel_t
                0x0000bd68       0x3c /home/vagrant/ardupilot/arduplane.build/ArduPlane.o
 .text._ZN11GCS_MAVLINK17queued_param_sendEv
                0x0000bda4      0x1d2 /home/vagrant/ardupilot/arduplane.build/ArduPlane.o
                0x0000bda4                _ZN11GCS_MAVLINK17queued_param_sendEv
 .text._ZL13send_attitude17mavlink_channel_t
                0x0000bf76      0x12a /home/vagrant/ardupilot/arduplane.build/ArduPlane.o
 .text._ZL13update_loiterv
                0x0000c0a0      0x216 /home/vagrant/ardupilot/arduplane.build/ArduPlane.o
 .text._Z6microsv
                0x0000c2b6       0x18 /home/vagrant/ardupilot/arduplane.build/ArduPlane.o
                0x0000c2b6                _Z6microsv
 .text._ZL13send_raw_imu117mavlink_channel_t
                0x0000c2ce      0x1aa /home/vagrant/ardupilot/arduplane.build/ArduPlane.o
 .text._ZL14send_radio_out17mavlink_channel_t
                0x0000c478      0x1d2 /home/vagrant/ardupilot/arduplane.build/ArduPlane.o
 .text._Z7pinModehh
                0x0000c64a       0x20 /home/vagrant/ardupilot/arduplane.build/ArduPlane.o
                0x0000c64a                _Z7pinModehh
 .text._Z12digitalWritehh
                0x0000c66a       0x20 /home/vagrant/ardupilot/arduplane.build/ArduPlane.o
                0x0000c66a                _Z12digitalWritehh
 .text._Z10flash_ledsb
                0x0000c68a       0x16 /home/vagrant/ardupilot/arduplane.build/ArduPlane.o
                0x0000c68a                _Z10flash_ledsb
 .text._Z18read_receiver_rssiv
                0x0000c6a0       0x4a /home/vagrant/ardupilot/arduplane.build/ArduPlane.o
                0x0000c6a0                _Z18read_receiver_rssiv
 .text._Z13board_voltagev
                0x0000c6ea       0x1e /home/vagrant/ardupilot/arduplane.build/ArduPlane.o
                0x0000c6ea                _Z13board_voltagev
 .text._ZL13send_hwstatus17mavlink_channel_t
                0x0000c708       0x48 /home/vagrant/ardupilot/arduplane.build/ArduPlane.o
 .text._ZL24mavlink_try_send_message17mavlink_channel_t10ap_messagej.clone.24
                0x0000c750      0x1ca /home/vagrant/ardupilot/arduplane.build/ArduPlane.o
 .text._ZL20mavlink_send_message17mavlink_channel_t10ap_messagej.clone.25
                0x0000c91a      0x178 /home/vagrant/ardupilot/arduplane.build/ArduPlane.o
 .text._Z17gcs_send_text_fmtPK11prog_char_tz
                0x0000ca92       0x72 /home/vagrant/ardupilot/arduplane.build/ArduPlane.o
                0x0000ca92                _Z17gcs_send_text_fmtPK11prog_char_tz
 .text._ZL10read_radiov
                0x0000cb04      0x464 /home/vagrant/ardupilot/arduplane.build/ArduPlane.o
 .text._ZL21trim_control_surfacesv
                0x0000cf68       0xac /home/vagrant/ardupilot/arduplane.build/ArduPlane.o
 .text._ZL10trim_radiov
                0x0000d014       0x10 /home/vagrant/ardupilot/arduplane.build/ArduPlane.o
 .text._ZL13test_failsafehPKN4Menu3argE
                0x0000d024      0x228 /home/vagrant/ardupilot/arduplane.build/ArduPlane.o
 .text._ZL14test_radio_pwmhPKN4Menu3argE
                0x0000d24c      0x104 /home/vagrant/ardupilot/arduplane.build/ArduPlane.o
 .text._ZL17setup_flightmodeshPKN4Menu3argE
                0x0000d350      0x184 /home/vagrant/ardupilot/arduplane.build/ArduPlane.o
 .text._ZL11setup_radiohPKN4Menu3argE
                0x0000d4d4      0x2ce /home/vagrant/ardupilot/arduplane.build/ArduPlane.o
 .text._ZL10set_servosv
                0x0000d7a2      0x954 /home/vagrant/ardupilot/arduplane.build/ArduPlane.o
 .text._ZL12test_batteryhPKN4Menu3argE
                0x0000e0f6      0x16a /home/vagrant/ardupilot/arduplane.build/ArduPlane.o
 .text._ZL10test_radiohPKN4Menu3argE
                0x0000e260      0x12c /home/vagrant/ardupilot/arduplane.build/ArduPlane.o
 .text._ZN11GCS_MAVLINK16data_stream_sendEv
                0x0000e38c      0x220 /home/vagrant/ardupilot/arduplane.build/ArduPlane.o
                0x0000e38c                _ZN11GCS_MAVLINK16data_stream_sendEv
 .text._ZL20gcs_data_stream_sendv
                0x0000e5ac       0x16 /home/vagrant/ardupilot/arduplane.build/ArduPlane.o
 .text._ZL16gcs_send_message10ap_message
                0x0000e5c2       0x30 /home/vagrant/ardupilot/arduplane.build/ArduPlane.o
 .text._Z17mavlink_send_text17mavlink_channel_t12gcs_severityPKc
                0x0000e5f2       0x62 /home/vagrant/ardupilot/arduplane.build/ArduPlane.o
                0x0000e5f2                _Z17mavlink_send_text17mavlink_channel_t12gcs_severityPKc
 .text._ZN11GCS_MAVLINK11send_text_PE12gcs_severityPK11prog_char_t
                0x0000e654       0x40 /home/vagrant/ardupilot/arduplane.build/ArduPlane.o
                0x0000e654                _ZN11GCS_MAVLINK11send_text_PE12gcs_severityPK11prog_char_t
 .text._ZL15gcs_send_text_P12gcs_severityPK11prog_char_t
                0x0000e694       0x32 /home/vagrant/ardupilot/arduplane.build/ArduPlane.o
 .text._ZL11demo_servosh
                0x0000e6c6       0x6a /home/vagrant/ardupilot/arduplane.build/ArduPlane.o
 .text._ZL18startup_INS_groundb.clone.26
                0x0000e730       0x9c /home/vagrant/ardupilot/arduplane.build/ArduPlane.o
 .text._ZL11setup_levelhPKN4Menu3argE
                0x0000e7cc        0x6 /home/vagrant/ardupilot/arduplane.build/ArduPlane.o
 .text._ZL13do_erase_logsv
                0x0000e7d2       0x1c /home/vagrant/ardupilot/arduplane.build/ArduPlane.o
 .text._ZL10erase_logshPKN4Menu3argE
                0x0000e7ee       0x10 /home/vagrant/ardupilot/arduplane.build/ArduPlane.o
 .text._ZL11set_next_WPP8Location.clone.28
                0x0000e7fe      0x22e /home/vagrant/ardupilot/arduplane.build/ArduPlane.o
 .text._ZL22handle_process_nav_cmdv
                0x0000ea2c      0x17c /home/vagrant/ardupilot/arduplane.build/ArduPlane.o
 .text._ZL18handle_no_commandsv
                0x0000eba8       0x50 /home/vagrant/ardupilot/arduplane.build/ArduPlane.o
 .text._ZN9AP_ParamTIiL11ap_var_type2EE22set_and_save_ifchangedEi
                0x0000ebf8       0x18 /home/vagrant/ardupilot/arduplane.build/ArduPlane.o
                0x0000ebf8                _ZN9AP_ParamTIiL11ap_var_type2EE22set_and_save_ifchangedEi
 .text._ZN11GCS_MAVLINK13handleMessageEP17__mavlink_message
                0x0000ec10     0x20ee /home/vagrant/ardupilot/arduplane.build/ArduPlane.o
                0x0000ec10                _ZN11GCS_MAVLINK13handleMessageEP17__mavlink_message
 .text._ZN11GCS_MAVLINK6updateEv
                0x00010cfe      0x2fc /home/vagrant/ardupilot/arduplane.build/ArduPlane.o
                0x00010cfe                _ZN11GCS_MAVLINK6updateEv
 .text._ZL10gcs_updatev
                0x00010ffa       0x16 /home/vagrant/ardupilot/arduplane.build/ArduPlane.o
 .text._Z9init_homev
                0x00011010      0x192 /home/vagrant/ardupilot/arduplane.build/ArduPlane.o
                0x00011010                _Z9init_homev
 .text._ZL20process_next_commandv
                0x000111a2      0x928 /home/vagrant/ardupilot/arduplane.build/ArduPlane.o
 .text._ZL15update_commandsv
                0x00011aca       0x22 /home/vagrant/ardupilot/arduplane.build/ArduPlane.o
 .text._Z14change_commandh
                0x00011aec       0xc6 /home/vagrant/ardupilot/arduplane.build/ArduPlane.o
                0x00011aec                _Z14change_commandh
 .text._ZL8set_mode10FlightMode
                0x00011bb2      0x166 /home/vagrant/ardupilot/arduplane.build/ArduPlane.o
 .text._ZL19read_control_switchv
                0x00011d18      0x104 /home/vagrant/ardupilot/arduplane.build/ArduPlane.o
 .text._ZL20reset_control_switchv
                0x00011e1c        0x6 /home/vagrant/ardupilot/arduplane.build/ArduPlane.o
 .text._ZL22failsafe_long_on_eventi
                0x00011e22       0x9a /home/vagrant/ardupilot/arduplane.build/ArduPlane.o
 .text._Z5setupv
                0x00011ebc      0x74a /home/vagrant/ardupilot/arduplane.build/ArduPlane.o
                0x00011ebc                _Z5setupv
 .text._ZL14geofence_checkb
                0x00012606      0x4d2 /home/vagrant/ardupilot/arduplane.build/ArduPlane.o
 .text._Z4loopv
                0x00012ad8     0x222e /home/vagrant/ardupilot/arduplane.build/ArduPlane.o
                0x00012ad8                _Z4loopv
 .text.main     0x00014d06       0x3c /home/vagrant/ardupilot/arduplane.build/ArduPlane.o
                0x00014d06                main
 .text._ZL16mavlink_delay_cbv
                0x00014d42      0x108 /home/vagrant/ardupilot/arduplane.build/ArduPlane.o
 .text._GLOBAL__I_cliSerial
                0x00014e4a      0x212 /home/vagrant/ardupilot/arduplane.build/ArduPlane.o
 .text._ZN7AP_AHRS8add_trimEffb
                0x0001505c      0x14c /home/vagrant/ardupilot/arduplane.build/libraries/AP_AHRS/AP_AHRS.o
                0x0001505c                _ZN7AP_AHRS8add_trimEffb
 .text._ZN7AP_AHRS17airspeed_estimateEPf
                0x000151a8      0x106 /home/vagrant/ardupilot/arduplane.build/libraries/AP_AHRS/AP_AHRS.o
                0x000151a8                _ZN7AP_AHRS17airspeed_estimateEPf
 .text._ZN9AP_ParamVI7Vector3IfEL11ap_var_type5EE12set_and_saveES1_
                0x000152ae       0x56 /home/vagrant/ardupilot/arduplane.build/libraries/AP_AHRS/AP_AHRS.o
                0x000152ae                _ZN9AP_ParamVI7Vector3IfEL11ap_var_type5EE12set_and_saveES1_
 .text._ZN7AP_AHRS8set_trimE7Vector3IfE
                0x00015304       0xd6 /home/vagrant/ardupilot/arduplane.build/libraries/AP_AHRS/AP_AHRS.o
                0x00015304                _ZN7AP_AHRS8set_trimE7Vector3IfE
 .text._ZN7Vector3IfE6is_nanEv
                0x000153da       0x56 /home/vagrant/ardupilot/arduplane.build/libraries/AP_AHRS/AP_AHRS_DCM.o
                0x000153da                _ZN7Vector3IfE6is_nanEv
 .text._ZN11AP_AHRS_HIL6setHilEffffff
                0x00015430       0xd6 /home/vagrant/ardupilot/arduplane.build/libraries/AP_AHRS/AP_AHRS_HIL.o
                0x00015430                _ZN11AP_AHRS_HIL6setHilEffffff
 .text._ZN11AP_Airspeed9calibrateEv
                0x00015506       0xd2 /home/vagrant/ardupilot/arduplane.build/libraries/AP_Airspeed/AP_Airspeed.o
                0x00015506                _ZN11AP_Airspeed9calibrateEv
 .text._ZN7AP_Baro10accumulateEv
                0x000155d8        0x2 /home/vagrant/ardupilot/arduplane.build/libraries/AP_Baro/AP_Baro_BMP085_hil.o
                0x000155d8                _ZN7AP_Baro10accumulateEv
 .text._ZN18AP_Baro_BMP085_HIL4initEv
                0x000155da        0xc /home/vagrant/ardupilot/arduplane.build/libraries/AP_Baro/AP_Baro_BMP085_hil.o
                0x000155da                _ZN18AP_Baro_BMP085_HIL4initEv
 .text._ZN18AP_Baro_BMP085_HIL4readEv
                0x000155e6       0xf0 /home/vagrant/ardupilot/arduplane.build/libraries/AP_Baro/AP_Baro_BMP085_hil.o
                0x000155e6                _ZN18AP_Baro_BMP085_HIL4readEv
 .text._ZN18AP_Baro_BMP085_HIL12get_pressureEv
                0x000156d6       0x18 /home/vagrant/ardupilot/arduplane.build/libraries/AP_Baro/AP_Baro_BMP085_hil.o
                0x000156d6                _ZN18AP_Baro_BMP085_HIL12get_pressureEv
 .text._ZN18AP_Baro_BMP085_HIL15get_temperatureEv
                0x000156ee       0x18 /home/vagrant/ardupilot/arduplane.build/libraries/AP_Baro/AP_Baro_BMP085_hil.o
                0x000156ee                _ZN18AP_Baro_BMP085_HIL15get_temperatureEv
 .text._ZN18AP_Baro_BMP085_HIL16get_raw_pressureEv
                0x00015706       0x12 /home/vagrant/ardupilot/arduplane.build/libraries/AP_Baro/AP_Baro_BMP085_hil.o
                0x00015706                _ZN18AP_Baro_BMP085_HIL16get_raw_pressureEv
 .text._ZN18AP_Baro_BMP085_HIL12get_raw_tempEv
                0x00015718       0x12 /home/vagrant/ardupilot/arduplane.build/libraries/AP_Baro/AP_Baro_BMP085_hil.o
                0x00015718                _ZN18AP_Baro_BMP085_HIL12get_raw_tempEv
 .text._ZN16FilterWithBufferIfLh7EE5resetEv
                0x0001572a       0x44 /home/vagrant/ardupilot/arduplane.build/libraries/AP_Baro/AP_Baro_BMP085_hil.o
                0x0001572a                _ZN16FilterWithBufferIfLh7EE5resetEv
 .text._ZN16FilterWithBufferIfLh7EE5applyEf
                0x0001576e       0x58 /home/vagrant/ardupilot/arduplane.build/libraries/AP_Baro/AP_Baro_BMP085_hil.o
                0x0001576e                _ZN16FilterWithBufferIfLh7EE5applyEf
 .text._ZN16FilterWithBufferIfLh7EE10get_sampleEh
                0x000157c6       0x32 /home/vagrant/ardupilot/arduplane.build/libraries/AP_Baro/AP_Baro_BMP085_hil.o
                0x000157c6                _ZN16FilterWithBufferIfLh7EE10get_sampleEh
 .text._ZN7AP_BaroC2Ev
                0x000157f8       0x36 /home/vagrant/ardupilot/arduplane.build/libraries/AP_Baro/AP_Baro_BMP085_hil.o
                0x000157f8                _ZN7AP_BaroC2Ev
 .text._ZN18AP_Baro_BMP085_HILC2Ev
                0x0001582e       0x16 /home/vagrant/ardupilot/arduplane.build/libraries/AP_Baro/AP_Baro_BMP085_hil.o
                0x0001582e                _ZN18AP_Baro_BMP085_HILC2Ev
                0x0001582e                _ZN18AP_Baro_BMP085_HILC1Ev
 .text._ZN18AP_Baro_BMP085_HIL6setHILEff
                0x00015844      0x114 /home/vagrant/ardupilot/arduplane.build/libraries/AP_Baro/AP_Baro_BMP085_hil.o
                0x00015844                _ZN18AP_Baro_BMP085_HIL6setHILEff
 .text._ZN7AP_Baro9calibrateEv
                0x00015958      0x36c /home/vagrant/ardupilot/arduplane.build/libraries/AP_Baro/AP_Baro.o
                0x00015958                _ZN7AP_Baro9calibrateEv
 .text._ZN7AP_Baro14get_climb_rateEv
                0x00015cc4       0x12 /home/vagrant/ardupilot/arduplane.build/libraries/AP_Baro/AP_Baro.o
                0x00015cc4                _ZN7AP_Baro14get_climb_rateEv
 .text._ZN18AP_Baro_MS5611_SPI4initEv
                0x00015cd6       0x82 /home/vagrant/ardupilot/arduplane.build/libraries/AP_Baro/AP_Baro_MS5611.o
                0x00015cd6                _ZN18AP_Baro_MS5611_SPI4initEv
 .text._ZN18AP_Baro_MS5611_SPI11read_16bitsEh
                0x00015d58       0x50 /home/vagrant/ardupilot/arduplane.build/libraries/AP_Baro/AP_Baro_MS5611.o
                0x00015d58                _ZN18AP_Baro_MS5611_SPI11read_16bitsEh
 .text._ZN18AP_Baro_MS5611_SPI5writeEh
                0x00015da8       0x3c /home/vagrant/ardupilot/arduplane.build/libraries/AP_Baro/AP_Baro_MS5611.o
                0x00015da8                _ZN18AP_Baro_MS5611_SPI5writeEh
 .text._ZN18AP_Baro_MS5611_SPI17sem_take_blockingEv
                0x00015de4       0x22 /home/vagrant/ardupilot/arduplane.build/libraries/AP_Baro/AP_Baro_MS5611.o
                0x00015de4                _ZN18AP_Baro_MS5611_SPI17sem_take_blockingEv
 .text._ZN18AP_Baro_MS5611_SPI20sem_take_nonblockingEv
                0x00015e06       0x88 /home/vagrant/ardupilot/arduplane.build/libraries/AP_Baro/AP_Baro_MS5611.o
                0x00015e06                _ZN18AP_Baro_MS5611_SPI20sem_take_nonblockingEv
 .text._ZN18AP_Baro_MS5611_SPI8sem_giveEv
                0x00015e8e       0x1a /home/vagrant/ardupilot/arduplane.build/libraries/AP_Baro/AP_Baro_MS5611.o
                0x00015e8e                _ZN18AP_Baro_MS5611_SPI8sem_giveEv
 .text._ZN18AP_Baro_MS5611_I2C4initEv
                0x00015ea8       0x4e /home/vagrant/ardupilot/arduplane.build/libraries/AP_Baro/AP_Baro_MS5611.o
                0x00015ea8                _ZN18AP_Baro_MS5611_I2C4initEv
 .text._ZN18AP_Baro_MS5611_I2C11read_16bitsEh
                0x00015ef6       0x52 /home/vagrant/ardupilot/arduplane.build/libraries/AP_Baro/AP_Baro_MS5611.o
                0x00015ef6                _ZN18AP_Baro_MS5611_I2C11read_16bitsEh
 .text._ZN18AP_Baro_MS5611_I2C8read_adcEv
                0x00015f48       0x80 /home/vagrant/ardupilot/arduplane.build/libraries/AP_Baro/AP_Baro_MS5611.o
                0x00015f48                _ZN18AP_Baro_MS5611_I2C8read_adcEv
 .text._ZN18AP_Baro_MS5611_I2C5writeEh
                0x00015fc8       0x3a /home/vagrant/ardupilot/arduplane.build/libraries/AP_Baro/AP_Baro_MS5611.o
                0x00015fc8                _ZN18AP_Baro_MS5611_I2C5writeEh
 .text._ZN18AP_Baro_MS5611_I2C17sem_take_blockingEv
                0x00016002       0x22 /home/vagrant/ardupilot/arduplane.build/libraries/AP_Baro/AP_Baro_MS5611.o
                0x00016002                _ZN18AP_Baro_MS5611_I2C17sem_take_blockingEv
 .text._ZN18AP_Baro_MS5611_I2C20sem_take_nonblockingEv
                0x00016024       0x88 /home/vagrant/ardupilot/arduplane.build/libraries/AP_Baro/AP_Baro_MS5611.o
                0x00016024                _ZN18AP_Baro_MS5611_I2C20sem_take_nonblockingEv
 .text._ZN18AP_Baro_MS5611_I2C8sem_giveEv
                0x000160ac       0x1a /home/vagrant/ardupilot/arduplane.build/libraries/AP_Baro/AP_Baro_MS5611.o
                0x000160ac                _ZN18AP_Baro_MS5611_I2C8sem_giveEv
 .text._ZN18AP_Baro_MS5611_SPI8read_adcEv
                0x000160c6       0x7e /home/vagrant/ardupilot/arduplane.build/libraries/AP_Baro/AP_Baro_MS5611.o
                0x000160c6                _ZN18AP_Baro_MS5611_SPI8read_adcEv
 .text._GLOBAL__I__ZN14AP_Baro_MS56115_s_D1E
                0x00016144       0x1a /home/vagrant/ardupilot/arduplane.build/libraries/AP_Baro/AP_Baro_MS5611.o
 .text._ZN9AP_Camera9servo_picEv
                0x0001615e       0x30 /home/vagrant/ardupilot/arduplane.build/libraries/AP_Camera/AP_Camera.o
                0x0001615e                _ZN9AP_Camera9servo_picEv
 .text._ZN9AP_Camera9relay_picEv
                0x0001618e       0x2c /home/vagrant/ardupilot/arduplane.build/libraries/AP_Camera/AP_Camera.o
                0x0001618e                _ZN9AP_Camera9relay_picEv
 .text._ZN9AP_Camera12throttle_picEv
                0x000161ba       0x1e /home/vagrant/ardupilot/arduplane.build/libraries/AP_Camera/AP_Camera.o
                0x000161ba                _ZN9AP_Camera12throttle_picEv
 .text._ZN9AP_Camera12distance_picEv
                0x000161d8       0x1e /home/vagrant/ardupilot/arduplane.build/libraries/AP_Camera/AP_Camera.o
                0x000161d8                _ZN9AP_Camera12distance_picEv
 .text._ZN9AP_Camera14transistor_picEv
                0x000161f6       0xd4 /home/vagrant/ardupilot/arduplane.build/libraries/AP_Camera/AP_Camera.o
                0x000161f6                _ZN9AP_Camera14transistor_picEv
 .text._ZN9AP_Camera11trigger_picEv
                0x000162ca       0x2c /home/vagrant/ardupilot/arduplane.build/libraries/AP_Camera/AP_Camera.o
                0x000162ca                _ZN9AP_Camera11trigger_picEv
 .text._ZN9AP_Camera19trigger_pic_cleanupEv
                0x000162f6       0x50 /home/vagrant/ardupilot/arduplane.build/libraries/AP_Camera/AP_Camera.o
                0x000162f6                _ZN9AP_Camera19trigger_pic_cleanupEv
 .text._ZN9AP_Camera13configure_msgEP17__mavlink_message
                0x00016346       0x7a /home/vagrant/ardupilot/arduplane.build/libraries/AP_Camera/AP_Camera.o
                0x00016346                _ZN9AP_Camera13configure_msgEP17__mavlink_message
 .text._ZN9AP_Camera11control_msgEP17__mavlink_message
                0x000163c0       0x7c /home/vagrant/ardupilot/arduplane.build/libraries/AP_Camera/AP_Camera.o
                0x000163c0                _ZN9AP_Camera11control_msgEP17__mavlink_message
 .text._Znwj    0x0001643c        0x8 /home/vagrant/ardupilot/arduplane.build/libraries/AP_Common/c++.o
                0x0001643c                _Znwj
 .text.__cxa_pure_virtual
                0x00016444        0x2 /home/vagrant/ardupilot/arduplane.build/libraries/AP_Common/c++.o
                0x00016444                __cxa_pure_virtual
 .text._ZN14AP_Compass_HIL4readEv
                0x00016446      0x212 /home/vagrant/ardupilot/arduplane.build/libraries/AP_Compass/AP_Compass_HIL.o
                0x00016446                _ZN14AP_Compass_HIL4readEv
 .text._ZN14AP_Compass_HIL10accumulateEv
                0x00016658        0x2 /home/vagrant/ardupilot/arduplane.build/libraries/AP_Compass/AP_Compass_HIL.o
                0x00016658                _ZN14AP_Compass_HIL10accumulateEv
 .text._ZN7Compass4initEv
                0x0001665a        0x4 /home/vagrant/ardupilot/arduplane.build/libraries/AP_Compass/Compass.o
                0x0001665a                _ZN7Compass4initEv
 .text._ZN7CompassC2Ev
                0x0001665e       0xc8 /home/vagrant/ardupilot/arduplane.build/libraries/AP_Compass/Compass.o
                0x0001665e                _ZN7CompassC1Ev
                0x0001665e                _ZN7CompassC2Ev
 .text._ZN7Compass15set_orientationE8Rotation
                0x00016726        0x8 /home/vagrant/ardupilot/arduplane.build/libraries/AP_Compass/Compass.o
                0x00016726                _ZN7Compass15set_orientationE8Rotation
 .text._ZN7Compass11set_offsetsERK7Vector3IfE
                0x0001672e       0x3a /home/vagrant/ardupilot/arduplane.build/libraries/AP_Compass/Compass.o
                0x0001672e                _ZN7Compass11set_offsetsERK7Vector3IfE
 .text._ZN7Compass11get_offsetsEv
                0x00016768        0xa /home/vagrant/ardupilot/arduplane.build/libraries/AP_Compass/Compass.o
                0x00016768                _ZN7Compass11get_offsetsEv
 .text._ZN7Compass20set_initial_locationEll
                0x00016772       0x64 /home/vagrant/ardupilot/arduplane.build/libraries/AP_Compass/Compass.o
                0x00016772                _ZN7Compass20set_initial_locationEll
 .text._ZN7Compass15set_declinationEf
                0x000167d6       0x10 /home/vagrant/ardupilot/arduplane.build/libraries/AP_Compass/Compass.o
                0x000167d6                _ZN7Compass15set_declinationEf
 .text._ZN7Compass15get_declinationEv
                0x000167e6       0x14 /home/vagrant/ardupilot/arduplane.build/libraries/AP_Compass/Compass.o
                0x000167e6                _ZN7Compass15get_declinationEv
 .text._ZN14AP_Declination16get_lookup_valueEhh
                0x000167fa      0x190 /home/vagrant/ardupilot/arduplane.build/libraries/AP_Declination/AP_Declination.o
                0x000167fa                _ZN14AP_Declination16get_lookup_valueEhh
 .text._ZN14AP_Declination15get_declinationEff
                0x0001698a      0x224 /home/vagrant/ardupilot/arduplane.build/libraries/AP_Declination/AP_Declination.o
                0x0001698a                _ZN14AP_Declination15get_declinationEff
 .text._ZN3GPS7get_lagEv
                0x00016bae        0xa /home/vagrant/ardupilot/arduplane.build/libraries/AP_GPS/AP_GPS_406.o
                0x00016bae                _ZN3GPS7get_lagEv
 .text._ZN10AP_GPS_HIL4initEPN6AP_HAL10UARTDriverEN3GPS18GPS_Engine_SettingE
                0x00016bb8       0x18 /home/vagrant/ardupilot/arduplane.build/libraries/AP_GPS/AP_GPS_HIL.o
                0x00016bb8                _ZN10AP_GPS_HIL4initEPN6AP_HAL10UARTDriverEN3GPS18GPS_Engine_SettingE
 .text._ZN10AP_GPS_HIL4readEv
                0x00016bd0        0xc /home/vagrant/ardupilot/arduplane.build/libraries/AP_GPS/AP_GPS_HIL.o
                0x00016bd0                _ZN10AP_GPS_HIL4readEv
 .text._ZN10AP_GPS_HIL6setHILEmffffffh
                0x00016bdc       0xfa /home/vagrant/ardupilot/arduplane.build/libraries/AP_GPS/AP_GPS_HIL.o
                0x00016bdc                _ZN10AP_GPS_HIL6setHILEmffffffh
 .text._ZN3GPS6setHILEmffffffh
                0x00016cd6       0x14 /home/vagrant/ardupilot/arduplane.build/libraries/AP_GPS/GPS.o
                0x00016cd6                _ZN3GPS6setHILEmffffffh
 .text._ZN3GPSC2Ev
                0x00016cea       0x76 /home/vagrant/ardupilot/arduplane.build/libraries/AP_GPS/GPS.o
                0x00016cea                _ZN3GPSC2Ev
                0x00016cea                _ZN3GPSC1Ev
 .text._ZN3GPS6updateEv
                0x00016d60      0x28c /home/vagrant/ardupilot/arduplane.build/libraries/AP_GPS/GPS.o
                0x00016d60                _ZN3GPS6updateEv
 .text._ZN10AP_HAL_AVR9ADCSource11read_latestEv
                0x00016fec       0x4a /home/vagrant/ardupilot/arduplane.build/libraries/AP_HAL_AVR/AnalogIn_ADC.o
                0x00016fec                _ZN10AP_HAL_AVR9ADCSource11read_latestEv
 .text._ZN10AP_HAL_AVR9ADCSource15voltage_averageEv
                0x00017036       0x6a /home/vagrant/ardupilot/arduplane.build/libraries/AP_HAL_AVR/AnalogIn_ADC.o
                0x00017036                _ZN10AP_HAL_AVR9ADCSource15voltage_averageEv
 .text._ZN10AP_HAL_AVR9ADCSource7set_pinEh
                0x000170a0        0x6 /home/vagrant/ardupilot/arduplane.build/libraries/AP_HAL_AVR/AnalogIn_ADC.o
                0x000170a0                _ZN10AP_HAL_AVR9ADCSource7set_pinEh
 .text._ZN10AP_HAL_AVR9ADCSourceC2Ehf
                0x000170a6       0x1c /home/vagrant/ardupilot/arduplane.build/libraries/AP_HAL_AVR/AnalogIn_ADC.o
                0x000170a6                _ZN10AP_HAL_AVR9ADCSourceC1Ehf
                0x000170a6                _ZN10AP_HAL_AVR9ADCSourceC2Ehf
 .text._ZN10AP_HAL_AVR9ADCSource13_read_averageEv
                0x000170c2       0x70 /home/vagrant/ardupilot/arduplane.build/libraries/AP_HAL_AVR/AnalogIn_ADC.o
                0x000170c2                _ZN10AP_HAL_AVR9ADCSource13_read_averageEv
 .text._ZN10AP_HAL_AVR9ADCSource12read_averageEv
                0x00017132       0x54 /home/vagrant/ardupilot/arduplane.build/libraries/AP_HAL_AVR/AnalogIn_ADC.o
                0x00017132                _ZN10AP_HAL_AVR9ADCSource12read_averageEv
 .text._ZN10AP_HAL_AVR9ADCSource10setup_readEv
                0x00017186       0x38 /home/vagrant/ardupilot/arduplane.build/libraries/AP_HAL_AVR/AnalogIn_ADC.o
                0x00017186                _ZN10AP_HAL_AVR9ADCSource10setup_readEv
 .text._ZN10AP_HAL_AVR9ADCSource10new_sampleEj
                0x000171be       0x30 /home/vagrant/ardupilot/arduplane.build/libraries/AP_HAL_AVR/AnalogIn_ADC.o
                0x000171be                _ZN10AP_HAL_AVR9ADCSource10new_sampleEj
 .text._ZN10AP_HAL_AVR11AVRAnalogIn7channelEi
                0x000171ee       0x18 /home/vagrant/ardupilot/arduplane.build/libraries/AP_HAL_AVR/AnalogIn_Common.o
                0x000171ee                _ZN10AP_HAL_AVR11AVRAnalogIn7channelEi
 .text._ZN10AP_HAL_AVR11AVRAnalogIn12_timer_eventEm
                0x00017206       0xb6 /home/vagrant/ardupilot/arduplane.build/libraries/AP_HAL_AVR/AnalogIn_Common.o
                0x00017206                _ZN10AP_HAL_AVR11AVRAnalogIn12_timer_eventEm
 .text._ZN10AP_HAL_AVR11AVRAnalogInC2Ev
                0x000172bc       0x18 /home/vagrant/ardupilot/arduplane.build/libraries/AP_HAL_AVR/AnalogIn_Common.o
                0x000172bc                _ZN10AP_HAL_AVR11AVRAnalogInC1Ev
                0x000172bc                _ZN10AP_HAL_AVR11AVRAnalogInC2Ev
 .text._ZN10AP_HAL_AVR11AVRAnalogIn17_register_channelEPNS_9ADCSourceE
                0x000172d4       0x8e /home/vagrant/ardupilot/arduplane.build/libraries/AP_HAL_AVR/AnalogIn_Common.o
                0x000172d4                _ZN10AP_HAL_AVR11AVRAnalogIn17_register_channelEPNS_9ADCSourceE
 .text._ZN10AP_HAL_AVR11AVRAnalogIn15_create_channelEif
                0x00017362       0x3a /home/vagrant/ardupilot/arduplane.build/libraries/AP_HAL_AVR/AnalogIn_Common.o
                0x00017362                _ZN10AP_HAL_AVR11AVRAnalogIn15_create_channelEif
 .text._ZN10AP_HAL_AVR11AVRAnalogIn7channelEif
                0x0001739c       0x1c /home/vagrant/ardupilot/arduplane.build/libraries/AP_HAL_AVR/AnalogIn_Common.o
                0x0001739c                _ZN10AP_HAL_AVR11AVRAnalogIn7channelEif
 .text._ZN10AP_HAL_AVR11AVRAnalogIn4initEPv
                0x000173b8       0x30 /home/vagrant/ardupilot/arduplane.build/libraries/AP_HAL_AVR/AnalogIn_Common.o
                0x000173b8                _ZN10AP_HAL_AVR11AVRAnalogIn4initEPv
 .text._ZN10AP_HAL_AVR16AVRConsoleDriver4initEPv
                0x000173e8        0x8 /home/vagrant/ardupilot/arduplane.build/libraries/AP_HAL_AVR/Console.o
                0x000173e8                _ZN10AP_HAL_AVR16AVRConsoleDriver4initEPv
 .text._ZN10AP_HAL_AVR16AVRConsoleDriver12backend_openEv
                0x000173f0        0x2 /home/vagrant/ardupilot/arduplane.build/libraries/AP_HAL_AVR/Console.o
                0x000173f0                _ZN10AP_HAL_AVR16AVRConsoleDriver12backend_openEv
 .text._ZN10AP_HAL_AVR16AVRConsoleDriver13backend_closeEv
                0x000173f2        0x2 /home/vagrant/ardupilot/arduplane.build/libraries/AP_HAL_AVR/Console.o
                0x000173f2                _ZN10AP_HAL_AVR16AVRConsoleDriver13backend_closeEv
 .text._ZN10AP_HAL_AVR16AVRConsoleDriver12backend_readEPhj
                0x000173f4        0x6 /home/vagrant/ardupilot/arduplane.build/libraries/AP_HAL_AVR/Console.o
                0x000173f4                _ZN10AP_HAL_AVR16AVRConsoleDriver12backend_readEPhj
 .text._ZN10AP_HAL_AVR16AVRConsoleDriver13backend_writeEPKhj
                0x000173fa        0x6 /home/vagrant/ardupilot/arduplane.build/libraries/AP_HAL_AVR/Console.o
                0x000173fa                _ZN10AP_HAL_AVR16AVRConsoleDriver13backend_writeEPKhj
 .text._ZN10AP_HAL_AVR16AVRConsoleDriver7print_PEPK11prog_char_t
                0x00017400       0x18 /home/vagrant/ardupilot/arduplane.build/libraries/AP_HAL_AVR/Console.o
                0x00017400                _ZN10AP_HAL_AVR16AVRConsoleDriver7print_PEPK11prog_char_t
 .text._ZN10AP_HAL_AVR16AVRConsoleDriver9println_PEPK11prog_char_t
                0x00017418       0x18 /home/vagrant/ardupilot/arduplane.build/libraries/AP_HAL_AVR/Console.o
                0x00017418                _ZN10AP_HAL_AVR16AVRConsoleDriver9println_PEPK11prog_char_t
 .text._ZN10AP_HAL_AVR16AVRConsoleDriver9availableEv
                0x00017430       0x1e /home/vagrant/ardupilot/arduplane.build/libraries/AP_HAL_AVR/Console.o
                0x00017430                _ZN10AP_HAL_AVR16AVRConsoleDriver9availableEv
 .text._ZN10AP_HAL_AVR16AVRConsoleDriver7txspaceEv
                0x0001744e       0x1e /home/vagrant/ardupilot/arduplane.build/libraries/AP_HAL_AVR/Console.o
                0x0001744e                _ZN10AP_HAL_AVR16AVRConsoleDriver7txspaceEv
 .text._ZN10AP_HAL_AVR16AVRConsoleDriver4readEv
                0x0001746c       0x1e /home/vagrant/ardupilot/arduplane.build/libraries/AP_HAL_AVR/Console.o
                0x0001746c                _ZN10AP_HAL_AVR16AVRConsoleDriver4readEv
 .text._ZN10AP_HAL_AVR16AVRConsoleDriver5writeEh
                0x0001748a       0x18 /home/vagrant/ardupilot/arduplane.build/libraries/AP_HAL_AVR/Console.o
                0x0001748a                _ZN10AP_HAL_AVR16AVRConsoleDriver5writeEh
 .text._ZN10AP_HAL_AVR16AVRConsoleDriver9vprintf_PEPKcPv
                0x000174a2        0xc /home/vagrant/ardupilot/arduplane.build/libraries/AP_HAL_AVR/Console.o
                0x000174a2                _ZN10AP_HAL_AVR16AVRConsoleDriver9vprintf_PEPKcPv
 .text._ZN10AP_HAL_AVR16AVRConsoleDriver7vprintfEPKcPv
                0x000174ae        0xc /home/vagrant/ardupilot/arduplane.build/libraries/AP_HAL_AVR/Console.o
                0x000174ae                _ZN10AP_HAL_AVR16AVRConsoleDriver7vprintfEPKcPv
 .text._ZN10AP_HAL_AVR16AVRConsoleDriver9_printf_PEPKcz
                0x000174ba       0x32 /home/vagrant/ardupilot/arduplane.build/libraries/AP_HAL_AVR/Console.o
                0x000174ba                _ZN10AP_HAL_AVR16AVRConsoleDriver9_printf_PEPKcz
 .text._ZN10AP_HAL_AVR16AVRConsoleDriver6printfEPKcz
                0x000174ec       0x32 /home/vagrant/ardupilot/arduplane.build/libraries/AP_HAL_AVR/Console.o
                0x000174ec                _ZN10AP_HAL_AVR16AVRConsoleDriver6printfEPKcz
 .text._ZN10AP_HAL_AVR7AVRGPIO4initEv
                0x0001751e        0x2 /home/vagrant/ardupilot/arduplane.build/libraries/AP_HAL_AVR/GPIO.o
                0x0001751e                _ZN10AP_HAL_AVR7AVRGPIO4initEv
 .text._ZN10AP_HAL_AVR7AVRGPIO7pinModeEhh
                0x00017520       0x48 /home/vagrant/ardupilot/arduplane.build/libraries/AP_HAL_AVR/GPIO.o
                0x00017520                _ZN10AP_HAL_AVR7AVRGPIO7pinModeEhh
 .text._ZN10AP_HAL_AVR7AVRGPIO21analogPinToDigitalPinEh
                0x00017568        0xe /home/vagrant/ardupilot/arduplane.build/libraries/AP_HAL_AVR/GPIO.o
                0x00017568                _ZN10AP_HAL_AVR7AVRGPIO21analogPinToDigitalPinEh
 .text._ZN10AP_HAL_AVR7AVRGPIO4readEh
                0x00017576       0x36 /home/vagrant/ardupilot/arduplane.build/libraries/AP_HAL_AVR/GPIO.o
                0x00017576                _ZN10AP_HAL_AVR7AVRGPIO4readEh
 .text._ZN10AP_HAL_AVR7AVRGPIO5writeEhh
                0x000175ac       0x40 /home/vagrant/ardupilot/arduplane.build/libraries/AP_HAL_AVR/GPIO.o
                0x000175ac                _ZN10AP_HAL_AVR7AVRGPIO5writeEhh
 .text._ZN10AP_HAL_AVR7AVRGPIO16attach_interruptEhPFvvEh
                0x000175ec       0x34 /home/vagrant/ardupilot/arduplane.build/libraries/AP_HAL_AVR/GPIO.o
                0x000175ec                _ZN10AP_HAL_AVR7AVRGPIO16attach_interruptEhPFvvEh
 .text._ZN10AP_HAL_AVR16AVRDigitalSource4modeEh
                0x00017620       0x34 /home/vagrant/ardupilot/arduplane.build/libraries/AP_HAL_AVR/GPIO.o
                0x00017620                _ZN10AP_HAL_AVR16AVRDigitalSource4modeEh
 .text._ZN10AP_HAL_AVR16AVRDigitalSource4readEv
                0x00017654       0x2a /home/vagrant/ardupilot/arduplane.build/libraries/AP_HAL_AVR/GPIO.o
                0x00017654                _ZN10AP_HAL_AVR16AVRDigitalSource4readEv
 .text._ZN10AP_HAL_AVR16AVRDigitalSource5writeEh
                0x0001767e       0x30 /home/vagrant/ardupilot/arduplane.build/libraries/AP_HAL_AVR/GPIO.o
                0x0001767e                _ZN10AP_HAL_AVR16AVRDigitalSource5writeEh
 .text._ZN10AP_HAL_AVR7AVRGPIO7channelEj
                0x000176ae       0x4a /home/vagrant/ardupilot/arduplane.build/libraries/AP_HAL_AVR/GPIO.o
                0x000176ae                _ZN10AP_HAL_AVR7AVRGPIO7channelEj
 .text.__vector_7
                0x000176f8       0x5a /home/vagrant/ardupilot/arduplane.build/libraries/AP_HAL_AVR/GPIO.o
                0x000176f8                __vector_7
 .text._ZNK12HAL_AVR_APM24initEiPKPc
                0x00017752       0xf8 /home/vagrant/ardupilot/arduplane.build/libraries/AP_HAL_AVR/HAL_AVR_APM2_Class.o
                0x00017752                _ZNK12HAL_AVR_APM24initEiPKPc
 .text.__vector_25
                0x0001784a       0x5e /home/vagrant/ardupilot/arduplane.build/libraries/AP_HAL_AVR/HAL_AVR_APM2_Class.o
                0x0001784a                __vector_25
 .text.__vector_26
                0x000178a8       0x76 /home/vagrant/ardupilot/arduplane.build/libraries/AP_HAL_AVR/HAL_AVR_APM2_Class.o
                0x000178a8                __vector_26
 .text.__vector_36
                0x0001791e       0x5e /home/vagrant/ardupilot/arduplane.build/libraries/AP_HAL_AVR/HAL_AVR_APM2_Class.o
                0x0001791e                __vector_36
 .text.__vector_37
                0x0001797c       0x76 /home/vagrant/ardupilot/arduplane.build/libraries/AP_HAL_AVR/HAL_AVR_APM2_Class.o
                0x0001797c                __vector_37
 .text.__vector_51
                0x000179f2       0x5e /home/vagrant/ardupilot/arduplane.build/libraries/AP_HAL_AVR/HAL_AVR_APM2_Class.o
                0x000179f2                __vector_51
 .text.__vector_52
                0x00017a50       0x76 /home/vagrant/ardupilot/arduplane.build/libraries/AP_HAL_AVR/HAL_AVR_APM2_Class.o
                0x00017a50                __vector_52
 .text._GLOBAL__I___vector_25
                0x00017ac6      0x1be /home/vagrant/ardupilot/arduplane.build/libraries/AP_HAL_AVR/HAL_AVR_APM2_Class.o
 .text._ZN10AP_HAL_AVR12AVRI2CDriver10setTimeoutEj
                0x00017c84        0x8 /home/vagrant/ardupilot/arduplane.build/libraries/AP_HAL_AVR/I2CDriver.o
                0x00017c84                _ZN10AP_HAL_AVR12AVRI2CDriver10setTimeoutEj
 .text._ZN10AP_HAL_AVR12AVRI2CDriver12lockup_countEv
                0x00017c8c        0x6 /home/vagrant/ardupilot/arduplane.build/libraries/AP_HAL_AVR/I2CDriver.o
                0x00017c8c                _ZN10AP_HAL_AVR12AVRI2CDriver12lockup_countEv
 .text._ZN10AP_HAL_AVR12AVRI2CDriver13get_semaphoreEv
                0x00017c92        0x8 /home/vagrant/ardupilot/arduplane.build/libraries/AP_HAL_AVR/I2CDriver.o
                0x00017c92                _ZN10AP_HAL_AVR12AVRI2CDriver13get_semaphoreEv
 .text._ZN10AP_HAL_AVR12AVRI2CDriver5beginEv
                0x00017c9a       0x32 /home/vagrant/ardupilot/arduplane.build/libraries/AP_HAL_AVR/I2CDriver.o
                0x00017c9a                _ZN10AP_HAL_AVR12AVRI2CDriver5beginEv
 .text._ZN10AP_HAL_AVR12AVRI2CDriver3endEv
                0x00017ccc        0x6 /home/vagrant/ardupilot/arduplane.build/libraries/AP_HAL_AVR/I2CDriver.o
                0x00017ccc                _ZN10AP_HAL_AVR12AVRI2CDriver3endEv
 .text._ZN10AP_HAL_AVR12AVRI2CDriver12setHighSpeedEb
                0x00017cd2       0x10 /home/vagrant/ardupilot/arduplane.build/libraries/AP_HAL_AVR/I2CDriver.o
                0x00017cd2                _ZN10AP_HAL_AVR12AVRI2CDriver12setHighSpeedEb
 .text._ZN10AP_HAL_AVR12AVRI2CDriver13writeRegisterEhhh
                0x00017ce2       0x2c /home/vagrant/ardupilot/arduplane.build/libraries/AP_HAL_AVR/I2CDriver.o
                0x00017ce2                _ZN10AP_HAL_AVR12AVRI2CDriver13writeRegisterEhhh
 .text._ZN10AP_HAL_AVR12AVRI2CDriver12readRegisterEhhPh
                0x00017d0e       0x1c /home/vagrant/ardupilot/arduplane.build/libraries/AP_HAL_AVR/I2CDriver.o
                0x00017d0e                _ZN10AP_HAL_AVR12AVRI2CDriver12readRegisterEhhPh
 .text._ZN10AP_HAL_AVR12AVRI2CDriver13_handleLockupEv
                0x00017d2a       0x14 /home/vagrant/ardupilot/arduplane.build/libraries/AP_HAL_AVR/I2CDriver.o
                0x00017d2a                _ZN10AP_HAL_AVR12AVRI2CDriver13_handleLockupEv
 .text._ZN10AP_HAL_AVR12AVRI2CDriver14_waitInterruptEv
                0x00017d3e       0x8e /home/vagrant/ardupilot/arduplane.build/libraries/AP_HAL_AVR/I2CDriver.o
                0x00017d3e                _ZN10AP_HAL_AVR12AVRI2CDriver14_waitInterruptEv
 .text._ZN10AP_HAL_AVR12AVRI2CDriver12_receiveByteEb
                0x00017dcc       0x1c /home/vagrant/ardupilot/arduplane.build/libraries/AP_HAL_AVR/I2CDriver.o
                0x00017dcc                _ZN10AP_HAL_AVR12AVRI2CDriver12_receiveByteEb
 .text._ZN10AP_HAL_AVR12AVRI2CDriver9_sendByteEh
                0x00017de8       0x22 /home/vagrant/ardupilot/arduplane.build/libraries/AP_HAL_AVR/I2CDriver.o
                0x00017de8                _ZN10AP_HAL_AVR12AVRI2CDriver9_sendByteEh
 .text._ZN10AP_HAL_AVR12AVRI2CDriver12_sendAddressEh
                0x00017e0a        0xc /home/vagrant/ardupilot/arduplane.build/libraries/AP_HAL_AVR/I2CDriver.o
                0x00017e0a                _ZN10AP_HAL_AVR12AVRI2CDriver12_sendAddressEh
 .text._ZN10AP_HAL_AVR12AVRI2CDriver6_startEv
                0x00017e16       0x2a /home/vagrant/ardupilot/arduplane.build/libraries/AP_HAL_AVR/I2CDriver.o
                0x00017e16                _ZN10AP_HAL_AVR12AVRI2CDriver6_startEv
 .text._ZN10AP_HAL_AVR12AVRI2CDriver9_waitStopEv
                0x00017e40       0x8e /home/vagrant/ardupilot/arduplane.build/libraries/AP_HAL_AVR/I2CDriver.o
                0x00017e40                _ZN10AP_HAL_AVR12AVRI2CDriver9_waitStopEv
 .text._ZN10AP_HAL_AVR12AVRI2CDriver5_stopEv
                0x00017ece        0x8 /home/vagrant/ardupilot/arduplane.build/libraries/AP_HAL_AVR/I2CDriver.o
                0x00017ece                _ZN10AP_HAL_AVR12AVRI2CDriver5_stopEv
 .text._ZN10AP_HAL_AVR12AVRI2CDriver13readRegistersEhhhPh
                0x00017ed6       0x9c /home/vagrant/ardupilot/arduplane.build/libraries/AP_HAL_AVR/I2CDriver.o
                0x00017ed6                _ZN10AP_HAL_AVR12AVRI2CDriver13readRegistersEhhhPh
 .text._ZN10AP_HAL_AVR12AVRI2CDriver4readEhhPh
                0x00017f72       0xac /home/vagrant/ardupilot/arduplane.build/libraries/AP_HAL_AVR/I2CDriver.o
                0x00017f72                _ZN10AP_HAL_AVR12AVRI2CDriver4readEhhPh
 .text._ZN10AP_HAL_AVR12AVRI2CDriver14writeRegistersEhhhPh
                0x0001801e       0x7e /home/vagrant/ardupilot/arduplane.build/libraries/AP_HAL_AVR/I2CDriver.o
                0x0001801e                _ZN10AP_HAL_AVR12AVRI2CDriver14writeRegistersEhhhPh
 .text._ZN10AP_HAL_AVR12AVRI2CDriver5writeEhhPh
                0x0001809c       0x5e /home/vagrant/ardupilot/arduplane.build/libraries/AP_HAL_AVR/I2CDriver.o
                0x0001809c                _ZN10AP_HAL_AVR12AVRI2CDriver5writeEhhPh
 .text.__vector_39
                0x000180fa       0x68 /home/vagrant/ardupilot/arduplane.build/libraries/AP_HAL_AVR/I2CDriver.o
                0x000180fa                __vector_39
 .text._ZN10AP_HAL_AVR11APM2RCInput15_timer5_capt_cbEv
                0x00018162       0x64 /home/vagrant/ardupilot/arduplane.build/libraries/AP_HAL_AVR/RCInput_APM2.o
                0x00018162                _ZN10AP_HAL_AVR11APM2RCInput15_timer5_capt_cbEv
 .text._ZN10AP_HAL_AVR11APM2RCInput5validEv
                0x000181c6        0x6 /home/vagrant/ardupilot/arduplane.build/libraries/AP_HAL_AVR/RCInput_APM2.o
                0x000181c6                _ZN10AP_HAL_AVR11APM2RCInput5validEv
 .text._ZN10AP_HAL_AVR11APM2RCInput4readEh
                0x000181cc       0x5e /home/vagrant/ardupilot/arduplane.build/libraries/AP_HAL_AVR/RCInput_APM2.o
                0x000181cc                _ZN10AP_HAL_AVR11APM2RCInput4readEh
 .text._ZN10AP_HAL_AVR11APM2RCInput4readEPjh
                0x0001822a       0x94 /home/vagrant/ardupilot/arduplane.build/libraries/AP_HAL_AVR/RCInput_APM2.o
                0x0001822a                _ZN10AP_HAL_AVR11APM2RCInput4readEPjh
 .text._ZN10AP_HAL_AVR11APM2RCInput13set_overridesEPih
                0x000182be       0x5e /home/vagrant/ardupilot/arduplane.build/libraries/AP_HAL_AVR/RCInput_APM2.o
                0x000182be                _ZN10AP_HAL_AVR11APM2RCInput13set_overridesEPih
 .text._ZN10AP_HAL_AVR11APM2RCInput12set_overrideEhi
                0x0001831c       0x30 /home/vagrant/ardupilot/arduplane.build/libraries/AP_HAL_AVR/RCInput_APM2.o
                0x0001831c                _ZN10AP_HAL_AVR11APM2RCInput12set_overrideEhi
 .text._ZN10AP_HAL_AVR11APM2RCInput15clear_overridesEv
                0x0001834c       0x24 /home/vagrant/ardupilot/arduplane.build/libraries/AP_HAL_AVR/RCInput_APM2.o
                0x0001834c                _ZN10AP_HAL_AVR11APM2RCInput15clear_overridesEv
 .text._ZN10AP_HAL_AVR11APM2RCInput4initEPv
                0x00018370       0x7c /home/vagrant/ardupilot/arduplane.build/libraries/AP_HAL_AVR/RCInput_APM2.o
                0x00018370                _ZN10AP_HAL_AVR11APM2RCInput4initEPv
 .text._ZN10AP_HAL_AVR12APM2RCOutput4initEPv
                0x000183ec      0x17e /home/vagrant/ardupilot/arduplane.build/libraries/AP_HAL_AVR/RCOutput_APM2.o
                0x000183ec                _ZN10AP_HAL_AVR12APM2RCOutput4initEPv
 .text._ZN10AP_HAL_AVR12APM2RCOutput8set_freqEmj
                0x0001856a       0x7c /home/vagrant/ardupilot/arduplane.build/libraries/AP_HAL_AVR/RCOutput_APM2.o
                0x0001856a                _ZN10AP_HAL_AVR12APM2RCOutput8set_freqEmj
 .text._ZN10AP_HAL_AVR12APM2RCOutput8get_freqEh
                0x000185e6       0x52 /home/vagrant/ardupilot/arduplane.build/libraries/AP_HAL_AVR/RCOutput_APM2.o
                0x000185e6                _ZN10AP_HAL_AVR12APM2RCOutput8get_freqEh
 .text._ZN10AP_HAL_AVR12APM2RCOutput9enable_chEh
                0x00018638       0x76 /home/vagrant/ardupilot/arduplane.build/libraries/AP_HAL_AVR/RCOutput_APM2.o
                0x00018638                _ZN10AP_HAL_AVR12APM2RCOutput9enable_chEh
 .text._ZN10AP_HAL_AVR12APM2RCOutput11enable_maskEm
                0x000186ae       0x52 /home/vagrant/ardupilot/arduplane.build/libraries/AP_HAL_AVR/RCOutput_APM2.o
                0x000186ae                _ZN10AP_HAL_AVR12APM2RCOutput11enable_maskEm
 .text._ZN10AP_HAL_AVR12APM2RCOutput10disable_chEh
                0x00018700       0x76 /home/vagrant/ardupilot/arduplane.build/libraries/AP_HAL_AVR/RCOutput_APM2.o
                0x00018700                _ZN10AP_HAL_AVR12APM2RCOutput10disable_chEh
 .text._ZN10AP_HAL_AVR12APM2RCOutput12disable_maskEm
                0x00018776       0x52 /home/vagrant/ardupilot/arduplane.build/libraries/AP_HAL_AVR/RCOutput_APM2.o
                0x00018776                _ZN10AP_HAL_AVR12APM2RCOutput12disable_maskEm
 .text._ZN10AP_HAL_AVR12APM2RCOutput5writeEhj
                0x000187c8       0x94 /home/vagrant/ardupilot/arduplane.build/libraries/AP_HAL_AVR/RCOutput_APM2.o
                0x000187c8                _ZN10AP_HAL_AVR12APM2RCOutput5writeEhj
 .text._ZN10AP_HAL_AVR12APM2RCOutput5writeEhPjh
                0x0001885c       0x5e /home/vagrant/ardupilot/arduplane.build/libraries/AP_HAL_AVR/RCOutput_APM2.o
                0x0001885c                _ZN10AP_HAL_AVR12APM2RCOutput5writeEhPjh
 .text._ZN10AP_HAL_AVR12APM2RCOutput4readEh
                0x000188ba       0x82 /home/vagrant/ardupilot/arduplane.build/libraries/AP_HAL_AVR/RCOutput_APM2.o
                0x000188ba                _ZN10AP_HAL_AVR12APM2RCOutput4readEh
 .text._ZN10AP_HAL_AVR12APM2RCOutput4readEPjh
                0x0001893c       0x48 /home/vagrant/ardupilot/arduplane.build/libraries/AP_HAL_AVR/RCOutput_APM2.o
                0x0001893c                _ZN10AP_HAL_AVR12APM2RCOutput4readEPjh
 .text._ZN10AP_HAL_AVR12AVRScheduler23register_delay_callbackEPFvvEj
                0x00018984        0xc /home/vagrant/ardupilot/arduplane.build/libraries/AP_HAL_AVR/Scheduler.o
                0x00018984                _ZN10AP_HAL_AVR12AVRScheduler23register_delay_callbackEPFvvEj
 .text._ZN10AP_HAL_AVR12AVRScheduler22register_timer_processEPFvmE
                0x00018990       0x44 /home/vagrant/ardupilot/arduplane.build/libraries/AP_HAL_AVR/Scheduler.o
                0x00018990                _ZN10AP_HAL_AVR12AVRScheduler22register_timer_processEPFvmE
 .text._ZN10AP_HAL_AVR12AVRScheduler23register_timer_failsafeEPFvmEm
                0x000189d4        0xa /home/vagrant/ardupilot/arduplane.build/libraries/AP_HAL_AVR/Scheduler.o
                0x000189d4                _ZN10AP_HAL_AVR12AVRScheduler23register_timer_failsafeEPFvmEm
 .text._ZN10AP_HAL_AVR12AVRScheduler19suspend_timer_procsEv
                0x000189de        0x8 /home/vagrant/ardupilot/arduplane.build/libraries/AP_HAL_AVR/Scheduler.o
                0x000189de                _ZN10AP_HAL_AVR12AVRScheduler19suspend_timer_procsEv
 .text._ZN10AP_HAL_AVR12AVRScheduler15in_timerprocessEv
                0x000189e6        0x6 /home/vagrant/ardupilot/arduplane.build/libraries/AP_HAL_AVR/Scheduler.o
                0x000189e6                _ZN10AP_HAL_AVR12AVRScheduler15in_timerprocessEv
 .text._ZN10AP_HAL_AVR12AVRScheduler19system_initializingEv
                0x000189ec        0xa /home/vagrant/ardupilot/arduplane.build/libraries/AP_HAL_AVR/Scheduler.o
                0x000189ec                _ZN10AP_HAL_AVR12AVRScheduler19system_initializingEv
 .text._ZN10AP_HAL_AVR12AVRScheduler18system_initializedEv
                0x000189f6       0x28 /home/vagrant/ardupilot/arduplane.build/libraries/AP_HAL_AVR/Scheduler.o
                0x000189f6                _ZN10AP_HAL_AVR12AVRScheduler18system_initializedEv
 .text._ZN10AP_HAL_AVR12AVRScheduler5panicEPK11prog_char_t
                0x00018a1e       0x44 /home/vagrant/ardupilot/arduplane.build/libraries/AP_HAL_AVR/Scheduler.o
                0x00018a1e                _ZN10AP_HAL_AVR12AVRScheduler5panicEPK11prog_char_t
 .text._ZN10AP_HAL_AVR12AVRScheduler6rebootEv
                0x00018a62       0x54 /home/vagrant/ardupilot/arduplane.build/libraries/AP_HAL_AVR/Scheduler.o
                0x00018a62                _ZN10AP_HAL_AVR12AVRScheduler6rebootEv
 .text._ZN10AP_HAL_AVR12AVRScheduler5delayEj
                0x00018ab6       0x6c /home/vagrant/ardupilot/arduplane.build/libraries/AP_HAL_AVR/Scheduler.o
                0x00018ab6                _ZN10AP_HAL_AVR12AVRScheduler5delayEj
 .text._ZN10AP_HAL_AVR12AVRScheduler6microsEv
                0x00018b22        0x4 /home/vagrant/ardupilot/arduplane.build/libraries/AP_HAL_AVR/Scheduler.o
                0x00018b22                _ZN10AP_HAL_AVR12AVRScheduler6microsEv
 .text._ZN10AP_HAL_AVR12AVRScheduler18delay_microsecondsEj
                0x00018b26        0x4 /home/vagrant/ardupilot/arduplane.build/libraries/AP_HAL_AVR/Scheduler.o
                0x00018b26                _ZN10AP_HAL_AVR12AVRScheduler18delay_microsecondsEj
 .text._ZN10AP_HAL_AVR12AVRScheduler6millisEv
                0x00018b2a        0x4 /home/vagrant/ardupilot/arduplane.build/libraries/AP_HAL_AVR/Scheduler.o
                0x00018b2a                _ZN10AP_HAL_AVR12AVRScheduler6millisEv
 .text._ZN10AP_HAL_AVR12AVRScheduler4initEPv
                0x00018b2e       0x36 /home/vagrant/ardupilot/arduplane.build/libraries/AP_HAL_AVR/Scheduler.o
                0x00018b2e                _ZN10AP_HAL_AVR12AVRScheduler4initEPv
 .text._ZN10AP_HAL_AVR12AVRSchedulerC2Ev
                0x00018b64       0x1a /home/vagrant/ardupilot/arduplane.build/libraries/AP_HAL_AVR/Scheduler.o
                0x00018b64                _ZN10AP_HAL_AVR12AVRSchedulerC1Ev
                0x00018b64                _ZN10AP_HAL_AVR12AVRSchedulerC2Ev
 .text._ZN10AP_HAL_AVR12AVRScheduler16_run_timer_procsEb
                0x00018b7e       0x96 /home/vagrant/ardupilot/arduplane.build/libraries/AP_HAL_AVR/Scheduler.o
                0x00018b7e                _ZN10AP_HAL_AVR12AVRScheduler16_run_timer_procsEb
 .text._ZN10AP_HAL_AVR12AVRScheduler16_timer_isr_eventEv
                0x00018c14        0xc /home/vagrant/ardupilot/arduplane.build/libraries/AP_HAL_AVR/Scheduler.o
                0x00018c14                _ZN10AP_HAL_AVR12AVRScheduler16_timer_isr_eventEv
 .text._ZN10AP_HAL_AVR12AVRScheduler18resume_timer_procsEv
                0x00018c20       0x16 /home/vagrant/ardupilot/arduplane.build/libraries/AP_HAL_AVR/Scheduler.o
                0x00018c20                _ZN10AP_HAL_AVR12AVRScheduler18resume_timer_procsEv
 .text._ZN10AP_HAL_AVR8AVRTimer4initEv
                0x00018c36       0xa4 /home/vagrant/ardupilot/arduplane.build/libraries/AP_HAL_AVR/Scheduler_Timer.o
                0x00018c36                _ZN10AP_HAL_AVR8AVRTimer4initEv
 .text.__vector_23
                0x00018cda       0x90 /home/vagrant/ardupilot/arduplane.build/libraries/AP_HAL_AVR/Scheduler_Timer.o
                0x00018cda                __vector_23
 .text._ZN10AP_HAL_AVR8AVRTimer6millisEv
                0x00018d6a       0x1c /home/vagrant/ardupilot/arduplane.build/libraries/AP_HAL_AVR/Scheduler_Timer.o
                0x00018d6a                _ZN10AP_HAL_AVR8AVRTimer6millisEv
 .text._ZN10AP_HAL_AVR8AVRTimer6microsEv
                0x00018d86       0x4c /home/vagrant/ardupilot/arduplane.build/libraries/AP_HAL_AVR/Scheduler_Timer.o
                0x00018d86                _ZN10AP_HAL_AVR8AVRTimer6microsEv
 .text._ZN10AP_HAL_AVR8AVRTimer18delay_microsecondsEj
                0x00018dd2       0x14 /home/vagrant/ardupilot/arduplane.build/libraries/AP_HAL_AVR/Scheduler_Timer.o
                0x00018dd2                _ZN10AP_HAL_AVR8AVRTimer18delay_microsecondsEj
 .text._ZN10AP_HAL_AVR12AVRSemaphore4giveEv
                0x00018de6       0x12 /home/vagrant/ardupilot/arduplane.build/libraries/AP_HAL_AVR/Semaphores.o
                0x00018de6                _ZN10AP_HAL_AVR12AVRSemaphore4giveEv
 .text._ZN10AP_HAL_AVR12AVRSemaphoreC2Ev
                0x00018df8        0xe /home/vagrant/ardupilot/arduplane.build/libraries/AP_HAL_AVR/Semaphores.o
                0x00018df8                _ZN10AP_HAL_AVR12AVRSemaphoreC2Ev
                0x00018df8                _ZN10AP_HAL_AVR12AVRSemaphoreC1Ev
 .text._ZN10AP_HAL_AVR12AVRSemaphore17_take_nonblockingEv
                0x00018e06       0x18 /home/vagrant/ardupilot/arduplane.build/libraries/AP_HAL_AVR/Semaphores.o
                0x00018e06                _ZN10AP_HAL_AVR12AVRSemaphore17_take_nonblockingEv
 .text._ZN10AP_HAL_AVR12AVRSemaphore19_take_from_mainloopEm